Archive member included because of file (symbol)

.\CortexM0\ARM_GCC_484\Debug\PWM_MUX.a(cyfitter_cfg.o)
                              .\CortexM0\ARM_GCC_484\Debug\Cm0Start.o (cyfitter_cfg)
.\CortexM0\ARM_GCC_484\Debug\PWM_MUX.a(INPUT_SELECT.o)
                              .\CortexM0\ARM_GCC_484\Debug\main.o (INPUT_SELECT_Write)
.\CortexM0\ARM_GCC_484\Debug\PWM_MUX.a(CyBootAsmGnu.o)
                              .\CortexM0\ARM_GCC_484\Debug\PWM_MUX.a(cyfitter_cfg.o) (CyDelayCycles)
.\CortexM0\ARM_GCC_484\Debug\PWM_MUX.a(CyLib.o)
                              .\CortexM0\ARM_GCC_484\Debug\PWM_MUX.a(cyfitter_cfg.o) (CyDelayUs)
.\CortexM0\ARM_GCC_484\Debug\PWM_MUX.a(LED.o)
                              .\CortexM0\ARM_GCC_484\Debug\main.o (LED_Write)
.\CortexM0\ARM_GCC_484\Debug\PWM_MUX.a(Mux_timer.o)
                              .\CortexM0\ARM_GCC_484\Debug\main.o (Mux_timer_Start)
.\CortexM0\ARM_GCC_484\Debug\PWM_MUX.a(Default_PWM.o)
                              .\CortexM0\ARM_GCC_484\Debug\main.o (Default_PWM_Start)
.\CortexM0\ARM_GCC_484\Debug\PWM_MUX.a(Cam_sel_PWM.o)
                              .\CortexM0\ARM_GCC_484\Debug\main.o (Cam_sel_PWM_WriteCompare)
.\CortexM0\ARM_GCC_484\Debug\PWM_MUX.a(Cam_Sel_timer.o)
                              .\CortexM0\ARM_GCC_484\Debug\main.o (Cam_Sel_timer_Start)
.\CortexM0\ARM_GCC_484\Debug\PWM_MUX.a(Arm_select.o)
                              .\CortexM0\ARM_GCC_484\Debug\main.o (Arm_select_Read)
c:/program files (x86)/cypress/psoc creator/3.1/psoc creator/import/gnu_cs/arm/4.8.4/bin/../lib/gcc/arm-none-eabi/4.8.4/armv6-m\libgcc.a(_udivsi3.o)
                              .\CortexM0\ARM_GCC_484\Debug\PWM_MUX.a(CyLib.o) (__aeabi_uidiv)
c:/program files (x86)/cypress/psoc creator/3.1/psoc creator/import/gnu_cs/arm/4.8.4/bin/../lib/gcc/arm-none-eabi/4.8.4/armv6-m\libgcc.a(_divsi3.o)
                              .\CortexM0\ARM_GCC_484\Debug\Cm0Start.o (__aeabi_idiv)
c:/program files (x86)/cypress/psoc creator/3.1/psoc creator/import/gnu_cs/arm/4.8.4/bin/../lib/gcc/arm-none-eabi/4.8.4/armv6-m\libgcc.a(_dvmd_tls.o)
                              c:/program files (x86)/cypress/psoc creator/3.1/psoc creator/import/gnu_cs/arm/4.8.4/bin/../lib/gcc/arm-none-eabi/4.8.4/armv6-m\libgcc.a(_udivsi3.o) (__aeabi_idiv0)
c:/program files (x86)/cypress/psoc creator/3.1/psoc creator/import/gnu_cs/arm/4.8.4/bin/../lib/gcc/arm-none-eabi/4.8.4/../../../../arm-none-eabi/lib/armv6-m\libg_s.a(lib_a-errno.o)
                              .\CortexM0\ARM_GCC_484\Debug\Cm0Start.o (__errno)
c:/program files (x86)/cypress/psoc creator/3.1/psoc creator/import/gnu_cs/arm/4.8.4/bin/../lib/gcc/arm-none-eabi/4.8.4/../../../../arm-none-eabi/lib/armv6-m\libg_s.a(lib_a-exit.o)
                              c:/program files (x86)/cypress/psoc creator/3.1/psoc creator/import/gnu_cs/arm/4.8.4/bin/../lib/gcc/arm-none-eabi/4.8.4/../../../../arm-none-eabi/lib/armv6-m/crt0.o (exit)
c:/program files (x86)/cypress/psoc creator/3.1/psoc creator/import/gnu_cs/arm/4.8.4/bin/../lib/gcc/arm-none-eabi/4.8.4/../../../../arm-none-eabi/lib/armv6-m\libg_s.a(lib_a-impure.o)
                              c:/program files (x86)/cypress/psoc creator/3.1/psoc creator/import/gnu_cs/arm/4.8.4/bin/../lib/gcc/arm-none-eabi/4.8.4/../../../../arm-none-eabi/lib/armv6-m\libg_s.a(lib_a-exit.o) (_global_impure_ptr)
c:/program files (x86)/cypress/psoc creator/3.1/psoc creator/import/gnu_cs/arm/4.8.4/bin/../lib/gcc/arm-none-eabi/4.8.4/../../../../arm-none-eabi/lib/armv6-m\libg_s.a(lib_a-init.o)
                              c:/program files (x86)/cypress/psoc creator/3.1/psoc creator/import/gnu_cs/arm/4.8.4/bin/../lib/gcc/arm-none-eabi/4.8.4/../../../../arm-none-eabi/lib/armv6-m/crt0.o (__libc_init_array)
c:/program files (x86)/cypress/psoc creator/3.1/psoc creator/import/gnu_cs/arm/4.8.4/bin/../lib/gcc/arm-none-eabi/4.8.4/../../../../arm-none-eabi/lib/armv6-m\libg_s.a(lib_a-memcpy-stub.o)
                              .\CortexM0\ARM_GCC_484\Debug\PWM_MUX.a(cyfitter_cfg.o) (memcpy)
c:/program files (x86)/cypress/psoc creator/3.1/psoc creator/import/gnu_cs/arm/4.8.4/bin/../lib/gcc/arm-none-eabi/4.8.4/../../../../arm-none-eabi/lib/armv6-m\libg_s.a(lib_a-memset.o)
                              c:/program files (x86)/cypress/psoc creator/3.1/psoc creator/import/gnu_cs/arm/4.8.4/bin/../lib/gcc/arm-none-eabi/4.8.4/../../../../arm-none-eabi/lib/armv6-m/crt0.o (memset)

Discarded input sections

 .text          0x00000000        0x0 c:/program files (x86)/cypress/psoc creator/3.1/psoc creator/import/gnu_cs/arm/4.8.4/bin/../lib/gcc/arm-none-eabi/4.8.4/armv6-m/crti.o
 .data          0x00000000        0x0 c:/program files (x86)/cypress/psoc creator/3.1/psoc creator/import/gnu_cs/arm/4.8.4/bin/../lib/gcc/arm-none-eabi/4.8.4/armv6-m/crti.o
 .bss           0x00000000        0x0 c:/program files (x86)/cypress/psoc creator/3.1/psoc creator/import/gnu_cs/arm/4.8.4/bin/../lib/gcc/arm-none-eabi/4.8.4/armv6-m/crti.o
 .data          0x00000000        0x4 c:/program files (x86)/cypress/psoc creator/3.1/psoc creator/import/gnu_cs/arm/4.8.4/bin/../lib/gcc/arm-none-eabi/4.8.4/armv6-m/crtbegin.o
 .text          0x00000000       0x78 c:/program files (x86)/cypress/psoc creator/3.1/psoc creator/import/gnu_cs/arm/4.8.4/bin/../lib/gcc/arm-none-eabi/4.8.4/../../../../arm-none-eabi/lib/armv6-m/crt0.o
 .data          0x00000000        0x0 c:/program files (x86)/cypress/psoc creator/3.1/psoc creator/import/gnu_cs/arm/4.8.4/bin/../lib/gcc/arm-none-eabi/4.8.4/../../../../arm-none-eabi/lib/armv6-m/crt0.o
 .bss           0x00000000        0x0 c:/program files (x86)/cypress/psoc creator/3.1/psoc creator/import/gnu_cs/arm/4.8.4/bin/../lib/gcc/arm-none-eabi/4.8.4/../../../../arm-none-eabi/lib/armv6-m/crt0.o
 .ARM.extab     0x00000000        0x0 c:/program files (x86)/cypress/psoc creator/3.1/psoc creator/import/gnu_cs/arm/4.8.4/bin/../lib/gcc/arm-none-eabi/4.8.4/../../../../arm-none-eabi/lib/armv6-m/crt0.o
 .ARM.exidx     0x00000000        0x8 c:/program files (x86)/cypress/psoc creator/3.1/psoc creator/import/gnu_cs/arm/4.8.4/bin/../lib/gcc/arm-none-eabi/4.8.4/../../../../arm-none-eabi/lib/armv6-m/crt0.o
 .text          0x00000000        0x0 .\CortexM0\ARM_GCC_484\Debug\main.o
 .data          0x00000000        0x0 .\CortexM0\ARM_GCC_484\Debug\main.o
 .bss           0x00000000        0x0 .\CortexM0\ARM_GCC_484\Debug\main.o
 .text          0x00000000        0x0 .\CortexM0\ARM_GCC_484\Debug\cymetadata.o
 .data          0x00000000        0x0 .\CortexM0\ARM_GCC_484\Debug\cymetadata.o
 .bss           0x00000000        0x0 .\CortexM0\ARM_GCC_484\Debug\cymetadata.o
 .text          0x00000000        0x0 .\CortexM0\ARM_GCC_484\Debug\Cm0Start.o
 .data          0x00000000        0x4 .\CortexM0\ARM_GCC_484\Debug\Cm0Start.o
 .bss           0x00000000        0x0 .\CortexM0\ARM_GCC_484\Debug\Cm0Start.o
 .text._exit    0x00000000       0x28 .\CortexM0\ARM_GCC_484\Debug\Cm0Start.o
 .text._sbrk    0x00000000       0x50 .\CortexM0\ARM_GCC_484\Debug\Cm0Start.o
 .text          0x00000000        0x0 .\CortexM0\ARM_GCC_484\Debug\PWM_MUX.a(cyfitter_cfg.o)
 .bss           0x00000000        0x0 .\CortexM0\ARM_GCC_484\Debug\PWM_MUX.a(cyfitter_cfg.o)
 .text.CYCONFIGCPY
                0x00000000       0x24 .\CortexM0\ARM_GCC_484\Debug\PWM_MUX.a(cyfitter_cfg.o)
 .text.CYCONFIGCPYCODE
                0x00000000       0x24 .\CortexM0\ARM_GCC_484\Debug\PWM_MUX.a(cyfitter_cfg.o)
 .text          0x00000000        0x0 .\CortexM0\ARM_GCC_484\Debug\PWM_MUX.a(INPUT_SELECT.o)
 .data          0x00000000        0x0 .\CortexM0\ARM_GCC_484\Debug\PWM_MUX.a(INPUT_SELECT.o)
 .bss           0x00000000        0x0 .\CortexM0\ARM_GCC_484\Debug\PWM_MUX.a(INPUT_SELECT.o)
 .text.INPUT_SELECT_SetDriveMode
                0x00000000       0x48 .\CortexM0\ARM_GCC_484\Debug\PWM_MUX.a(INPUT_SELECT.o)
 .text.INPUT_SELECT_Read
                0x00000000       0x1c .\CortexM0\ARM_GCC_484\Debug\PWM_MUX.a(INPUT_SELECT.o)
 .text.INPUT_SELECT_ReadDataReg
                0x00000000       0x1c .\CortexM0\ARM_GCC_484\Debug\PWM_MUX.a(INPUT_SELECT.o)
 .text.INPUT_SELECT_ClearInterrupt
                0x00000000       0x30 .\CortexM0\ARM_GCC_484\Debug\PWM_MUX.a(INPUT_SELECT.o)
 .data          0x00000000        0x0 .\CortexM0\ARM_GCC_484\Debug\PWM_MUX.a(CyBootAsmGnu.o)
 .bss           0x00000000        0x0 .\CortexM0\ARM_GCC_484\Debug\PWM_MUX.a(CyBootAsmGnu.o)
 .text          0x00000000        0x0 .\CortexM0\ARM_GCC_484\Debug\PWM_MUX.a(CyLib.o)
 .bss           0x00000000       0x24 .\CortexM0\ARM_GCC_484\Debug\PWM_MUX.a(CyLib.o)
 .rodata        0x00000000       0x30 .\CortexM0\ARM_GCC_484\Debug\PWM_MUX.a(CyLib.o)
 .text.CySysClkImoStart
                0x00000000       0x1c .\CortexM0\ARM_GCC_484\Debug\PWM_MUX.a(CyLib.o)
 .text.CySysClkImoStop
                0x00000000       0x18 .\CortexM0\ARM_GCC_484\Debug\PWM_MUX.a(CyLib.o)
 .text.CySysClkIloStart
                0x00000000       0x1c .\CortexM0\ARM_GCC_484\Debug\PWM_MUX.a(CyLib.o)
 .text.CySysClkIloStop
                0x00000000       0x4c .\CortexM0\ARM_GCC_484\Debug\PWM_MUX.a(CyLib.o)
 .text.CySysClkIloEnabled
                0x00000000       0x1c .\CortexM0\ARM_GCC_484\Debug\PWM_MUX.a(CyLib.o)
 .text.CySysClkWriteHfclkDirect
                0x00000000       0x44 .\CortexM0\ARM_GCC_484\Debug\PWM_MUX.a(CyLib.o)
 .text.CySysClkWriteSysclkDiv
                0x00000000       0x44 .\CortexM0\ARM_GCC_484\Debug\PWM_MUX.a(CyLib.o)
 .text.CySysClkWriteImoFreq
                0x00000000      0x1e0 .\CortexM0\ARM_GCC_484\Debug\PWM_MUX.a(CyLib.o)
 .text.CySysWdtLock
                0x00000000       0x34 .\CortexM0\ARM_GCC_484\Debug\PWM_MUX.a(CyLib.o)
 .text.CySysWdtLocked
                0x00000000       0x20 .\CortexM0\ARM_GCC_484\Debug\PWM_MUX.a(CyLib.o)
 .text.CySysWdtUnlock
                0x00000000       0x4c .\CortexM0\ARM_GCC_484\Debug\PWM_MUX.a(CyLib.o)
 .text.CySysWdtReadEnabledStatus
                0x00000000       0x30 .\CortexM0\ARM_GCC_484\Debug\PWM_MUX.a(CyLib.o)
 .text.CySysWdtWriteMode
                0x00000000       0x60 .\CortexM0\ARM_GCC_484\Debug\PWM_MUX.a(CyLib.o)
 .text.CySysWdtReadMode
                0x00000000       0x24 .\CortexM0\ARM_GCC_484\Debug\PWM_MUX.a(CyLib.o)
 .text.CySysWdtWriteClearOnMatch
                0x00000000       0x70 .\CortexM0\ARM_GCC_484\Debug\PWM_MUX.a(CyLib.o)
 .text.CySysWdtReadClearOnMatch
                0x00000000       0x40 .\CortexM0\ARM_GCC_484\Debug\PWM_MUX.a(CyLib.o)
 .text.CySysWdtEnable
                0x00000000       0x68 .\CortexM0\ARM_GCC_484\Debug\PWM_MUX.a(CyLib.o)
 .text.CySysWdtDisable
                0x00000000       0x68 .\CortexM0\ARM_GCC_484\Debug\PWM_MUX.a(CyLib.o)
 .text.CySysWdtWriteCascade
                0x00000000       0x58 .\CortexM0\ARM_GCC_484\Debug\PWM_MUX.a(CyLib.o)
 .text.CySysWdtReadCascade
                0x00000000       0x1c .\CortexM0\ARM_GCC_484\Debug\PWM_MUX.a(CyLib.o)
 .text.CySysWdtWriteMatch
                0x00000000       0x6c .\CortexM0\ARM_GCC_484\Debug\PWM_MUX.a(CyLib.o)
 .text.CySysWdtWriteToggleBit
                0x00000000       0x44 .\CortexM0\ARM_GCC_484\Debug\PWM_MUX.a(CyLib.o)
 .text.CySysWdtReadToggleBit
                0x00000000       0x18 .\CortexM0\ARM_GCC_484\Debug\PWM_MUX.a(CyLib.o)
 .text.CySysWdtReadMatch
                0x00000000       0x44 .\CortexM0\ARM_GCC_484\Debug\PWM_MUX.a(CyLib.o)
 .text.CySysWdtReadCount
                0x00000000       0x54 .\CortexM0\ARM_GCC_484\Debug\PWM_MUX.a(CyLib.o)
 .text.CySysWdtGetInterruptSource
                0x00000000       0x1c .\CortexM0\ARM_GCC_484\Debug\PWM_MUX.a(CyLib.o)
 .text.CySysWdtClearInterrupt
                0x00000000       0x6c .\CortexM0\ARM_GCC_484\Debug\PWM_MUX.a(CyLib.o)
 .text.CySysWdtResetCounters
                0x00000000       0x28 .\CortexM0\ARM_GCC_484\Debug\PWM_MUX.a(CyLib.o)
 .text.CySysClkLfclkPosedgeCatch
                0x00000000       0x9c .\CortexM0\ARM_GCC_484\Debug\PWM_MUX.a(CyLib.o)
 .text.CySysClkLfclkPosedgeRestore
                0x00000000       0x3c .\CortexM0\ARM_GCC_484\Debug\PWM_MUX.a(CyLib.o)
 .text.CySysLvdEnable
                0x00000000       0x48 .\CortexM0\ARM_GCC_484\Debug\PWM_MUX.a(CyLib.o)
 .text.CySysLvdDisable
                0x00000000       0x28 .\CortexM0\ARM_GCC_484\Debug\PWM_MUX.a(CyLib.o)
 .text.CySysLvdGetInterruptSource
                0x00000000       0x18 .\CortexM0\ARM_GCC_484\Debug\PWM_MUX.a(CyLib.o)
 .text.CySysLvdClearInterrupt
                0x00000000       0x14 .\CortexM0\ARM_GCC_484\Debug\PWM_MUX.a(CyLib.o)
 .text.CySysGetResetReason
                0x00000000       0x30 .\CortexM0\ARM_GCC_484\Debug\PWM_MUX.a(CyLib.o)
 .text.CyDisableInts
                0x00000000       0x24 .\CortexM0\ARM_GCC_484\Debug\PWM_MUX.a(CyLib.o)
 .text.CyEnableInts
                0x00000000       0x18 .\CortexM0\ARM_GCC_484\Debug\PWM_MUX.a(CyLib.o)
 .text.CyIntSetSysVector
                0x00000000       0x48 .\CortexM0\ARM_GCC_484\Debug\PWM_MUX.a(CyLib.o)
 .text.CyIntGetSysVector
                0x00000000       0x34 .\CortexM0\ARM_GCC_484\Debug\PWM_MUX.a(CyLib.o)
 .text.CyIntSetVector
                0x00000000       0x4c .\CortexM0\ARM_GCC_484\Debug\PWM_MUX.a(CyLib.o)
 .text.CyIntGetVector
                0x00000000       0x38 .\CortexM0\ARM_GCC_484\Debug\PWM_MUX.a(CyLib.o)
 .text.CyIntSetPriority
                0x00000000       0xa8 .\CortexM0\ARM_GCC_484\Debug\PWM_MUX.a(CyLib.o)
 .text.CyIntGetPriority
                0x00000000       0x58 .\CortexM0\ARM_GCC_484\Debug\PWM_MUX.a(CyLib.o)
 .text.CyIntEnable
                0x00000000       0x2c .\CortexM0\ARM_GCC_484\Debug\PWM_MUX.a(CyLib.o)
 .text.CyIntGetState
                0x00000000       0x34 .\CortexM0\ARM_GCC_484\Debug\PWM_MUX.a(CyLib.o)
 .text.CyIntDisable
                0x00000000       0x2c .\CortexM0\ARM_GCC_484\Debug\PWM_MUX.a(CyLib.o)
 .text.CyIntSetPending
                0x00000000       0x2c .\CortexM0\ARM_GCC_484\Debug\PWM_MUX.a(CyLib.o)
 .text.CyIntClearPending
                0x00000000       0x2c .\CortexM0\ARM_GCC_484\Debug\PWM_MUX.a(CyLib.o)
 .text.CyHalt   0x00000000       0x14 .\CortexM0\ARM_GCC_484\Debug\PWM_MUX.a(CyLib.o)
 .text.CySoftwareReset
                0x00000000       0x20 .\CortexM0\ARM_GCC_484\Debug\PWM_MUX.a(CyLib.o)
 .text.CyDelay  0x00000000       0x48 .\CortexM0\ARM_GCC_484\Debug\PWM_MUX.a(CyLib.o)
 .text.CyDelayFreq
                0x00000000       0x80 .\CortexM0\ARM_GCC_484\Debug\PWM_MUX.a(CyLib.o)
 .text.CySysTickStart
                0x00000000       0x24 .\CortexM0\ARM_GCC_484\Debug\PWM_MUX.a(CyLib.o)
 .text.CySysTickInit
                0x00000000       0x60 .\CortexM0\ARM_GCC_484\Debug\PWM_MUX.a(CyLib.o)
 .text.CySysTickEnable
                0x00000000       0x1c .\CortexM0\ARM_GCC_484\Debug\PWM_MUX.a(CyLib.o)
 .text.CySysTickStop
                0x00000000       0x18 .\CortexM0\ARM_GCC_484\Debug\PWM_MUX.a(CyLib.o)
 .text.CySysTickEnableInterrupt
                0x00000000       0x18 .\CortexM0\ARM_GCC_484\Debug\PWM_MUX.a(CyLib.o)
 .text.CySysTickDisableInterrupt
                0x00000000       0x18 .\CortexM0\ARM_GCC_484\Debug\PWM_MUX.a(CyLib.o)
 .text.CySysTickSetReload
                0x00000000       0x1c .\CortexM0\ARM_GCC_484\Debug\PWM_MUX.a(CyLib.o)
 .text.CySysTickGetReload
                0x00000000       0x18 .\CortexM0\ARM_GCC_484\Debug\PWM_MUX.a(CyLib.o)
 .text.CySysTickGetValue
                0x00000000       0x1c .\CortexM0\ARM_GCC_484\Debug\PWM_MUX.a(CyLib.o)
 .text.CySysTickGetCountFlag
                0x00000000       0x18 .\CortexM0\ARM_GCC_484\Debug\PWM_MUX.a(CyLib.o)
 .text.CySysTickClear
                0x00000000       0x14 .\CortexM0\ARM_GCC_484\Debug\PWM_MUX.a(CyLib.o)
 .text.CySysTickSetCallback
                0x00000000       0x2c .\CortexM0\ARM_GCC_484\Debug\PWM_MUX.a(CyLib.o)
 .text.CySysTickGetCallback
                0x00000000       0x1c .\CortexM0\ARM_GCC_484\Debug\PWM_MUX.a(CyLib.o)
 .text.CySysTickServiceCallbacks
                0x00000000       0x44 .\CortexM0\ARM_GCC_484\Debug\PWM_MUX.a(CyLib.o)
 .text          0x00000000        0x0 .\CortexM0\ARM_GCC_484\Debug\PWM_MUX.a(LED.o)
 .data          0x00000000        0x0 .\CortexM0\ARM_GCC_484\Debug\PWM_MUX.a(LED.o)
 .bss           0x00000000        0x0 .\CortexM0\ARM_GCC_484\Debug\PWM_MUX.a(LED.o)
 .text.LED_SetDriveMode
                0x00000000       0x30 .\CortexM0\ARM_GCC_484\Debug\PWM_MUX.a(LED.o)
 .text.LED_Read
                0x00000000       0x1c .\CortexM0\ARM_GCC_484\Debug\PWM_MUX.a(LED.o)
 .text.LED_ReadDataReg
                0x00000000       0x1c .\CortexM0\ARM_GCC_484\Debug\PWM_MUX.a(LED.o)
 .text.LED_ClearInterrupt
                0x00000000       0x30 .\CortexM0\ARM_GCC_484\Debug\PWM_MUX.a(LED.o)
 .text          0x00000000        0x0 .\CortexM0\ARM_GCC_484\Debug\PWM_MUX.a(Mux_timer.o)
 .data          0x00000000        0x0 .\CortexM0\ARM_GCC_484\Debug\PWM_MUX.a(Mux_timer.o)
 .text.Mux_timer_Stop
                0x00000000       0x30 .\CortexM0\ARM_GCC_484\Debug\PWM_MUX.a(Mux_timer.o)
 .text.Mux_timer_SetMode
                0x00000000       0x48 .\CortexM0\ARM_GCC_484\Debug\PWM_MUX.a(Mux_timer.o)
 .text.Mux_timer_SetQDMode
                0x00000000       0x48 .\CortexM0\ARM_GCC_484\Debug\PWM_MUX.a(Mux_timer.o)
 .text.Mux_timer_SetPrescaler
                0x00000000       0x48 .\CortexM0\ARM_GCC_484\Debug\PWM_MUX.a(Mux_timer.o)
 .text.Mux_timer_SetOneShot
                0x00000000       0x4c .\CortexM0\ARM_GCC_484\Debug\PWM_MUX.a(Mux_timer.o)
 .text.Mux_timer_SetPWMMode
                0x00000000       0x1c .\CortexM0\ARM_GCC_484\Debug\PWM_MUX.a(Mux_timer.o)
 .text.Mux_timer_SetPWMSyncKill
                0x00000000       0x48 .\CortexM0\ARM_GCC_484\Debug\PWM_MUX.a(Mux_timer.o)
 .text.Mux_timer_SetPWMStopOnKill
                0x00000000       0x48 .\CortexM0\ARM_GCC_484\Debug\PWM_MUX.a(Mux_timer.o)
 .text.Mux_timer_SetPWMDeadTime
                0x00000000       0x4c .\CortexM0\ARM_GCC_484\Debug\PWM_MUX.a(Mux_timer.o)
 .text.Mux_timer_SetPWMInvert
                0x00000000       0x48 .\CortexM0\ARM_GCC_484\Debug\PWM_MUX.a(Mux_timer.o)
 .text.Mux_timer_ReadCounter
                0x00000000       0x18 .\CortexM0\ARM_GCC_484\Debug\PWM_MUX.a(Mux_timer.o)
 .text.Mux_timer_SetCounterMode
                0x00000000       0x48 .\CortexM0\ARM_GCC_484\Debug\PWM_MUX.a(Mux_timer.o)
 .text.Mux_timer_ReadPeriod
                0x00000000       0x18 .\CortexM0\ARM_GCC_484\Debug\PWM_MUX.a(Mux_timer.o)
 .text.Mux_timer_SetCompareSwap
                0x00000000       0x48 .\CortexM0\ARM_GCC_484\Debug\PWM_MUX.a(Mux_timer.o)
 .text.Mux_timer_WritePeriodBuf
                0x00000000       0x1c .\CortexM0\ARM_GCC_484\Debug\PWM_MUX.a(Mux_timer.o)
 .text.Mux_timer_ReadPeriodBuf
                0x00000000       0x18 .\CortexM0\ARM_GCC_484\Debug\PWM_MUX.a(Mux_timer.o)
 .text.Mux_timer_SetPeriodSwap
                0x00000000       0x48 .\CortexM0\ARM_GCC_484\Debug\PWM_MUX.a(Mux_timer.o)
 .text.Mux_timer_WriteCompare
                0x00000000       0x1c .\CortexM0\ARM_GCC_484\Debug\PWM_MUX.a(Mux_timer.o)
 .text.Mux_timer_ReadCompare
                0x00000000       0x18 .\CortexM0\ARM_GCC_484\Debug\PWM_MUX.a(Mux_timer.o)
 .text.Mux_timer_WriteCompareBuf
                0x00000000       0x1c .\CortexM0\ARM_GCC_484\Debug\PWM_MUX.a(Mux_timer.o)
 .text.Mux_timer_ReadCompareBuf
                0x00000000       0x18 .\CortexM0\ARM_GCC_484\Debug\PWM_MUX.a(Mux_timer.o)
 .text.Mux_timer_ReadCaptureBuf
                0x00000000       0x18 .\CortexM0\ARM_GCC_484\Debug\PWM_MUX.a(Mux_timer.o)
 .text.Mux_timer_SetCaptureMode
                0x00000000       0x44 .\CortexM0\ARM_GCC_484\Debug\PWM_MUX.a(Mux_timer.o)
 .text.Mux_timer_SetReloadMode
                0x00000000       0x44 .\CortexM0\ARM_GCC_484\Debug\PWM_MUX.a(Mux_timer.o)
 .text.Mux_timer_SetStartMode
                0x00000000       0x48 .\CortexM0\ARM_GCC_484\Debug\PWM_MUX.a(Mux_timer.o)
 .text.Mux_timer_SetStopMode
                0x00000000       0x44 .\CortexM0\ARM_GCC_484\Debug\PWM_MUX.a(Mux_timer.o)
 .text.Mux_timer_SetCountMode
                0x00000000       0x44 .\CortexM0\ARM_GCC_484\Debug\PWM_MUX.a(Mux_timer.o)
 .text.Mux_timer_TriggerCommand
                0x00000000       0x3c .\CortexM0\ARM_GCC_484\Debug\PWM_MUX.a(Mux_timer.o)
 .text.Mux_timer_ReadStatus
                0x00000000       0x20 .\CortexM0\ARM_GCC_484\Debug\PWM_MUX.a(Mux_timer.o)
 .text.Mux_timer_GetInterruptSourceMasked
                0x00000000       0x14 .\CortexM0\ARM_GCC_484\Debug\PWM_MUX.a(Mux_timer.o)
 .text.Mux_timer_GetInterruptSource
                0x00000000       0x14 .\CortexM0\ARM_GCC_484\Debug\PWM_MUX.a(Mux_timer.o)
 .text.Mux_timer_ClearInterrupt
                0x00000000       0x18 .\CortexM0\ARM_GCC_484\Debug\PWM_MUX.a(Mux_timer.o)
 .text.Mux_timer_SetInterrupt
                0x00000000       0x18 .\CortexM0\ARM_GCC_484\Debug\PWM_MUX.a(Mux_timer.o)
 .text          0x00000000        0x0 .\CortexM0\ARM_GCC_484\Debug\PWM_MUX.a(Default_PWM.o)
 .data          0x00000000        0x0 .\CortexM0\ARM_GCC_484\Debug\PWM_MUX.a(Default_PWM.o)
 .text.Default_PWM_Stop
                0x00000000       0x30 .\CortexM0\ARM_GCC_484\Debug\PWM_MUX.a(Default_PWM.o)
 .text.Default_PWM_SetMode
                0x00000000       0x48 .\CortexM0\ARM_GCC_484\Debug\PWM_MUX.a(Default_PWM.o)
 .text.Default_PWM_SetQDMode
                0x00000000       0x48 .\CortexM0\ARM_GCC_484\Debug\PWM_MUX.a(Default_PWM.o)
 .text.Default_PWM_SetPrescaler
                0x00000000       0x48 .\CortexM0\ARM_GCC_484\Debug\PWM_MUX.a(Default_PWM.o)
 .text.Default_PWM_SetOneShot
                0x00000000       0x4c .\CortexM0\ARM_GCC_484\Debug\PWM_MUX.a(Default_PWM.o)
 .text.Default_PWM_SetPWMMode
                0x00000000       0x1c .\CortexM0\ARM_GCC_484\Debug\PWM_MUX.a(Default_PWM.o)
 .text.Default_PWM_SetPWMSyncKill
                0x00000000       0x48 .\CortexM0\ARM_GCC_484\Debug\PWM_MUX.a(Default_PWM.o)
 .text.Default_PWM_SetPWMStopOnKill
                0x00000000       0x48 .\CortexM0\ARM_GCC_484\Debug\PWM_MUX.a(Default_PWM.o)
 .text.Default_PWM_SetPWMDeadTime
                0x00000000       0x4c .\CortexM0\ARM_GCC_484\Debug\PWM_MUX.a(Default_PWM.o)
 .text.Default_PWM_SetPWMInvert
                0x00000000       0x48 .\CortexM0\ARM_GCC_484\Debug\PWM_MUX.a(Default_PWM.o)
 .text.Default_PWM_ReadCounter
                0x00000000       0x18 .\CortexM0\ARM_GCC_484\Debug\PWM_MUX.a(Default_PWM.o)
 .text.Default_PWM_SetCounterMode
                0x00000000       0x48 .\CortexM0\ARM_GCC_484\Debug\PWM_MUX.a(Default_PWM.o)
 .text.Default_PWM_ReadPeriod
                0x00000000       0x18 .\CortexM0\ARM_GCC_484\Debug\PWM_MUX.a(Default_PWM.o)
 .text.Default_PWM_SetCompareSwap
                0x00000000       0x48 .\CortexM0\ARM_GCC_484\Debug\PWM_MUX.a(Default_PWM.o)
 .text.Default_PWM_WritePeriodBuf
                0x00000000       0x1c .\CortexM0\ARM_GCC_484\Debug\PWM_MUX.a(Default_PWM.o)
 .text.Default_PWM_ReadPeriodBuf
                0x00000000       0x18 .\CortexM0\ARM_GCC_484\Debug\PWM_MUX.a(Default_PWM.o)
 .text.Default_PWM_SetPeriodSwap
                0x00000000       0x48 .\CortexM0\ARM_GCC_484\Debug\PWM_MUX.a(Default_PWM.o)
 .text.Default_PWM_ReadCompare
                0x00000000       0x18 .\CortexM0\ARM_GCC_484\Debug\PWM_MUX.a(Default_PWM.o)
 .text.Default_PWM_WriteCompareBuf
                0x00000000       0x1c .\CortexM0\ARM_GCC_484\Debug\PWM_MUX.a(Default_PWM.o)
 .text.Default_PWM_ReadCompareBuf
                0x00000000       0x18 .\CortexM0\ARM_GCC_484\Debug\PWM_MUX.a(Default_PWM.o)
 .text.Default_PWM_ReadCapture
                0x00000000       0x18 .\CortexM0\ARM_GCC_484\Debug\PWM_MUX.a(Default_PWM.o)
 .text.Default_PWM_ReadCaptureBuf
                0x00000000       0x18 .\CortexM0\ARM_GCC_484\Debug\PWM_MUX.a(Default_PWM.o)
 .text.Default_PWM_SetCaptureMode
                0x00000000       0x44 .\CortexM0\ARM_GCC_484\Debug\PWM_MUX.a(Default_PWM.o)
 .text.Default_PWM_SetReloadMode
                0x00000000       0x44 .\CortexM0\ARM_GCC_484\Debug\PWM_MUX.a(Default_PWM.o)
 .text.Default_PWM_SetStartMode
                0x00000000       0x48 .\CortexM0\ARM_GCC_484\Debug\PWM_MUX.a(Default_PWM.o)
 .text.Default_PWM_SetStopMode
                0x00000000       0x44 .\CortexM0\ARM_GCC_484\Debug\PWM_MUX.a(Default_PWM.o)
 .text.Default_PWM_SetCountMode
                0x00000000       0x44 .\CortexM0\ARM_GCC_484\Debug\PWM_MUX.a(Default_PWM.o)
 .text.Default_PWM_ReadStatus
                0x00000000       0x20 .\CortexM0\ARM_GCC_484\Debug\PWM_MUX.a(Default_PWM.o)
 .text.Default_PWM_GetInterruptSourceMasked
                0x00000000       0x14 .\CortexM0\ARM_GCC_484\Debug\PWM_MUX.a(Default_PWM.o)
 .text.Default_PWM_GetInterruptSource
                0x00000000       0x14 .\CortexM0\ARM_GCC_484\Debug\PWM_MUX.a(Default_PWM.o)
 .text.Default_PWM_ClearInterrupt
                0x00000000       0x18 .\CortexM0\ARM_GCC_484\Debug\PWM_MUX.a(Default_PWM.o)
 .text.Default_PWM_SetInterrupt
                0x00000000       0x18 .\CortexM0\ARM_GCC_484\Debug\PWM_MUX.a(Default_PWM.o)
 .text          0x00000000        0x0 .\CortexM0\ARM_GCC_484\Debug\PWM_MUX.a(Cam_sel_PWM.o)
 .data          0x00000000        0x0 .\CortexM0\ARM_GCC_484\Debug\PWM_MUX.a(Cam_sel_PWM.o)
 .text.Cam_sel_PWM_Stop
                0x00000000       0x30 .\CortexM0\ARM_GCC_484\Debug\PWM_MUX.a(Cam_sel_PWM.o)
 .text.Cam_sel_PWM_SetMode
                0x00000000       0x48 .\CortexM0\ARM_GCC_484\Debug\PWM_MUX.a(Cam_sel_PWM.o)
 .text.Cam_sel_PWM_SetQDMode
                0x00000000       0x48 .\CortexM0\ARM_GCC_484\Debug\PWM_MUX.a(Cam_sel_PWM.o)
 .text.Cam_sel_PWM_SetPrescaler
                0x00000000       0x48 .\CortexM0\ARM_GCC_484\Debug\PWM_MUX.a(Cam_sel_PWM.o)
 .text.Cam_sel_PWM_SetOneShot
                0x00000000       0x4c .\CortexM0\ARM_GCC_484\Debug\PWM_MUX.a(Cam_sel_PWM.o)
 .text.Cam_sel_PWM_SetPWMMode
                0x00000000       0x1c .\CortexM0\ARM_GCC_484\Debug\PWM_MUX.a(Cam_sel_PWM.o)
 .text.Cam_sel_PWM_SetPWMSyncKill
                0x00000000       0x48 .\CortexM0\ARM_GCC_484\Debug\PWM_MUX.a(Cam_sel_PWM.o)
 .text.Cam_sel_PWM_SetPWMStopOnKill
                0x00000000       0x48 .\CortexM0\ARM_GCC_484\Debug\PWM_MUX.a(Cam_sel_PWM.o)
 .text.Cam_sel_PWM_SetPWMDeadTime
                0x00000000       0x4c .\CortexM0\ARM_GCC_484\Debug\PWM_MUX.a(Cam_sel_PWM.o)
 .text.Cam_sel_PWM_SetPWMInvert
                0x00000000       0x48 .\CortexM0\ARM_GCC_484\Debug\PWM_MUX.a(Cam_sel_PWM.o)
 .text.Cam_sel_PWM_ReadCounter
                0x00000000       0x18 .\CortexM0\ARM_GCC_484\Debug\PWM_MUX.a(Cam_sel_PWM.o)
 .text.Cam_sel_PWM_SetCounterMode
                0x00000000       0x48 .\CortexM0\ARM_GCC_484\Debug\PWM_MUX.a(Cam_sel_PWM.o)
 .text.Cam_sel_PWM_ReadPeriod
                0x00000000       0x18 .\CortexM0\ARM_GCC_484\Debug\PWM_MUX.a(Cam_sel_PWM.o)
 .text.Cam_sel_PWM_SetCompareSwap
                0x00000000       0x48 .\CortexM0\ARM_GCC_484\Debug\PWM_MUX.a(Cam_sel_PWM.o)
 .text.Cam_sel_PWM_WritePeriodBuf
                0x00000000       0x1c .\CortexM0\ARM_GCC_484\Debug\PWM_MUX.a(Cam_sel_PWM.o)
 .text.Cam_sel_PWM_ReadPeriodBuf
                0x00000000       0x18 .\CortexM0\ARM_GCC_484\Debug\PWM_MUX.a(Cam_sel_PWM.o)
 .text.Cam_sel_PWM_SetPeriodSwap
                0x00000000       0x48 .\CortexM0\ARM_GCC_484\Debug\PWM_MUX.a(Cam_sel_PWM.o)
 .text.Cam_sel_PWM_ReadCompare
                0x00000000       0x18 .\CortexM0\ARM_GCC_484\Debug\PWM_MUX.a(Cam_sel_PWM.o)
 .text.Cam_sel_PWM_WriteCompareBuf
                0x00000000       0x1c .\CortexM0\ARM_GCC_484\Debug\PWM_MUX.a(Cam_sel_PWM.o)
 .text.Cam_sel_PWM_ReadCompareBuf
                0x00000000       0x18 .\CortexM0\ARM_GCC_484\Debug\PWM_MUX.a(Cam_sel_PWM.o)
 .text.Cam_sel_PWM_ReadCapture
                0x00000000       0x18 .\CortexM0\ARM_GCC_484\Debug\PWM_MUX.a(Cam_sel_PWM.o)
 .text.Cam_sel_PWM_ReadCaptureBuf
                0x00000000       0x18 .\CortexM0\ARM_GCC_484\Debug\PWM_MUX.a(Cam_sel_PWM.o)
 .text.Cam_sel_PWM_SetCaptureMode
                0x00000000       0x44 .\CortexM0\ARM_GCC_484\Debug\PWM_MUX.a(Cam_sel_PWM.o)
 .text.Cam_sel_PWM_SetReloadMode
                0x00000000       0x44 .\CortexM0\ARM_GCC_484\Debug\PWM_MUX.a(Cam_sel_PWM.o)
 .text.Cam_sel_PWM_SetStartMode
                0x00000000       0x48 .\CortexM0\ARM_GCC_484\Debug\PWM_MUX.a(Cam_sel_PWM.o)
 .text.Cam_sel_PWM_SetStopMode
                0x00000000       0x44 .\CortexM0\ARM_GCC_484\Debug\PWM_MUX.a(Cam_sel_PWM.o)
 .text.Cam_sel_PWM_SetCountMode
                0x00000000       0x44 .\CortexM0\ARM_GCC_484\Debug\PWM_MUX.a(Cam_sel_PWM.o)
 .text.Cam_sel_PWM_ReadStatus
                0x00000000       0x20 .\CortexM0\ARM_GCC_484\Debug\PWM_MUX.a(Cam_sel_PWM.o)
 .text.Cam_sel_PWM_GetInterruptSourceMasked
                0x00000000       0x14 .\CortexM0\ARM_GCC_484\Debug\PWM_MUX.a(Cam_sel_PWM.o)
 .text.Cam_sel_PWM_GetInterruptSource
                0x00000000       0x14 .\CortexM0\ARM_GCC_484\Debug\PWM_MUX.a(Cam_sel_PWM.o)
 .text.Cam_sel_PWM_ClearInterrupt
                0x00000000       0x18 .\CortexM0\ARM_GCC_484\Debug\PWM_MUX.a(Cam_sel_PWM.o)
 .text.Cam_sel_PWM_SetInterrupt
                0x00000000       0x18 .\CortexM0\ARM_GCC_484\Debug\PWM_MUX.a(Cam_sel_PWM.o)
 .text          0x00000000        0x0 .\CortexM0\ARM_GCC_484\Debug\PWM_MUX.a(Cam_Sel_timer.o)
 .data          0x00000000        0x0 .\CortexM0\ARM_GCC_484\Debug\PWM_MUX.a(Cam_Sel_timer.o)
 .text.Cam_Sel_timer_Stop
                0x00000000       0x30 .\CortexM0\ARM_GCC_484\Debug\PWM_MUX.a(Cam_Sel_timer.o)
 .text.Cam_Sel_timer_SetMode
                0x00000000       0x48 .\CortexM0\ARM_GCC_484\Debug\PWM_MUX.a(Cam_Sel_timer.o)
 .text.Cam_Sel_timer_SetQDMode
                0x00000000       0x48 .\CortexM0\ARM_GCC_484\Debug\PWM_MUX.a(Cam_Sel_timer.o)
 .text.Cam_Sel_timer_SetPrescaler
                0x00000000       0x48 .\CortexM0\ARM_GCC_484\Debug\PWM_MUX.a(Cam_Sel_timer.o)
 .text.Cam_Sel_timer_SetOneShot
                0x00000000       0x4c .\CortexM0\ARM_GCC_484\Debug\PWM_MUX.a(Cam_Sel_timer.o)
 .text.Cam_Sel_timer_SetPWMMode
                0x00000000       0x1c .\CortexM0\ARM_GCC_484\Debug\PWM_MUX.a(Cam_Sel_timer.o)
 .text.Cam_Sel_timer_SetPWMSyncKill
                0x00000000       0x48 .\CortexM0\ARM_GCC_484\Debug\PWM_MUX.a(Cam_Sel_timer.o)
 .text.Cam_Sel_timer_SetPWMStopOnKill
                0x00000000       0x48 .\CortexM0\ARM_GCC_484\Debug\PWM_MUX.a(Cam_Sel_timer.o)
 .text.Cam_Sel_timer_SetPWMDeadTime
                0x00000000       0x4c .\CortexM0\ARM_GCC_484\Debug\PWM_MUX.a(Cam_Sel_timer.o)
 .text.Cam_Sel_timer_SetPWMInvert
                0x00000000       0x48 .\CortexM0\ARM_GCC_484\Debug\PWM_MUX.a(Cam_Sel_timer.o)
 .text.Cam_Sel_timer_ReadCounter
                0x00000000       0x18 .\CortexM0\ARM_GCC_484\Debug\PWM_MUX.a(Cam_Sel_timer.o)
 .text.Cam_Sel_timer_SetCounterMode
                0x00000000       0x48 .\CortexM0\ARM_GCC_484\Debug\PWM_MUX.a(Cam_Sel_timer.o)
 .text.Cam_Sel_timer_ReadPeriod
                0x00000000       0x18 .\CortexM0\ARM_GCC_484\Debug\PWM_MUX.a(Cam_Sel_timer.o)
 .text.Cam_Sel_timer_SetCompareSwap
                0x00000000       0x48 .\CortexM0\ARM_GCC_484\Debug\PWM_MUX.a(Cam_Sel_timer.o)
 .text.Cam_Sel_timer_WritePeriodBuf
                0x00000000       0x1c .\CortexM0\ARM_GCC_484\Debug\PWM_MUX.a(Cam_Sel_timer.o)
 .text.Cam_Sel_timer_ReadPeriodBuf
                0x00000000       0x18 .\CortexM0\ARM_GCC_484\Debug\PWM_MUX.a(Cam_Sel_timer.o)
 .text.Cam_Sel_timer_SetPeriodSwap
                0x00000000       0x48 .\CortexM0\ARM_GCC_484\Debug\PWM_MUX.a(Cam_Sel_timer.o)
 .text.Cam_Sel_timer_WriteCompare
                0x00000000       0x1c .\CortexM0\ARM_GCC_484\Debug\PWM_MUX.a(Cam_Sel_timer.o)
 .text.Cam_Sel_timer_ReadCompare
                0x00000000       0x18 .\CortexM0\ARM_GCC_484\Debug\PWM_MUX.a(Cam_Sel_timer.o)
 .text.Cam_Sel_timer_WriteCompareBuf
                0x00000000       0x1c .\CortexM0\ARM_GCC_484\Debug\PWM_MUX.a(Cam_Sel_timer.o)
 .text.Cam_Sel_timer_ReadCompareBuf
                0x00000000       0x18 .\CortexM0\ARM_GCC_484\Debug\PWM_MUX.a(Cam_Sel_timer.o)
 .text.Cam_Sel_timer_ReadCaptureBuf
                0x00000000       0x18 .\CortexM0\ARM_GCC_484\Debug\PWM_MUX.a(Cam_Sel_timer.o)
 .text.Cam_Sel_timer_SetCaptureMode
                0x00000000       0x44 .\CortexM0\ARM_GCC_484\Debug\PWM_MUX.a(Cam_Sel_timer.o)
 .text.Cam_Sel_timer_SetReloadMode
                0x00000000       0x44 .\CortexM0\ARM_GCC_484\Debug\PWM_MUX.a(Cam_Sel_timer.o)
 .text.Cam_Sel_timer_SetStartMode
                0x00000000       0x48 .\CortexM0\ARM_GCC_484\Debug\PWM_MUX.a(Cam_Sel_timer.o)
 .text.Cam_Sel_timer_SetStopMode
                0x00000000       0x44 .\CortexM0\ARM_GCC_484\Debug\PWM_MUX.a(Cam_Sel_timer.o)
 .text.Cam_Sel_timer_SetCountMode
                0x00000000       0x44 .\CortexM0\ARM_GCC_484\Debug\PWM_MUX.a(Cam_Sel_timer.o)
 .text.Cam_Sel_timer_TriggerCommand
                0x00000000       0x3c .\CortexM0\ARM_GCC_484\Debug\PWM_MUX.a(Cam_Sel_timer.o)
 .text.Cam_Sel_timer_ReadStatus
                0x00000000       0x20 .\CortexM0\ARM_GCC_484\Debug\PWM_MUX.a(Cam_Sel_timer.o)
 .text.Cam_Sel_timer_GetInterruptSourceMasked
                0x00000000       0x14 .\CortexM0\ARM_GCC_484\Debug\PWM_MUX.a(Cam_Sel_timer.o)
 .text.Cam_Sel_timer_GetInterruptSource
                0x00000000       0x14 .\CortexM0\ARM_GCC_484\Debug\PWM_MUX.a(Cam_Sel_timer.o)
 .text.Cam_Sel_timer_ClearInterrupt
                0x00000000       0x18 .\CortexM0\ARM_GCC_484\Debug\PWM_MUX.a(Cam_Sel_timer.o)
 .text.Cam_Sel_timer_SetInterrupt
                0x00000000       0x18 .\CortexM0\ARM_GCC_484\Debug\PWM_MUX.a(Cam_Sel_timer.o)
 .text          0x00000000        0x0 .\CortexM0\ARM_GCC_484\Debug\PWM_MUX.a(Arm_select.o)
 .data          0x00000000        0x0 .\CortexM0\ARM_GCC_484\Debug\PWM_MUX.a(Arm_select.o)
 .bss           0x00000000        0x0 .\CortexM0\ARM_GCC_484\Debug\PWM_MUX.a(Arm_select.o)
 .text.Arm_select_Write
                0x00000000       0x48 .\CortexM0\ARM_GCC_484\Debug\PWM_MUX.a(Arm_select.o)
 .text.Arm_select_SetDriveMode
                0x00000000       0x2c .\CortexM0\ARM_GCC_484\Debug\PWM_MUX.a(Arm_select.o)
 .text.Arm_select_ReadDataReg
                0x00000000       0x1c .\CortexM0\ARM_GCC_484\Debug\PWM_MUX.a(Arm_select.o)
 .text.Arm_select_ClearInterrupt
                0x00000000       0x2c .\CortexM0\ARM_GCC_484\Debug\PWM_MUX.a(Arm_select.o)
 .text          0x00000000       0x9c c:/program files (x86)/cypress/psoc creator/3.1/psoc creator/import/gnu_cs/arm/4.8.4/bin/../lib/gcc/arm-none-eabi/4.8.4/armv6-m\libgcc.a(_udivsi3.o)
 .data          0x00000000        0x0 c:/program files (x86)/cypress/psoc creator/3.1/psoc creator/import/gnu_cs/arm/4.8.4/bin/../lib/gcc/arm-none-eabi/4.8.4/armv6-m\libgcc.a(_udivsi3.o)
 .bss           0x00000000        0x0 c:/program files (x86)/cypress/psoc creator/3.1/psoc creator/import/gnu_cs/arm/4.8.4/bin/../lib/gcc/arm-none-eabi/4.8.4/armv6-m\libgcc.a(_udivsi3.o)
 .text          0x00000000       0xc0 c:/program files (x86)/cypress/psoc creator/3.1/psoc creator/import/gnu_cs/arm/4.8.4/bin/../lib/gcc/arm-none-eabi/4.8.4/armv6-m\libgcc.a(_divsi3.o)
 .data          0x00000000        0x0 c:/program files (x86)/cypress/psoc creator/3.1/psoc creator/import/gnu_cs/arm/4.8.4/bin/../lib/gcc/arm-none-eabi/4.8.4/armv6-m\libgcc.a(_divsi3.o)
 .bss           0x00000000        0x0 c:/program files (x86)/cypress/psoc creator/3.1/psoc creator/import/gnu_cs/arm/4.8.4/bin/../lib/gcc/arm-none-eabi/4.8.4/armv6-m\libgcc.a(_divsi3.o)
 .text          0x00000000        0x4 c:/program files (x86)/cypress/psoc creator/3.1/psoc creator/import/gnu_cs/arm/4.8.4/bin/../lib/gcc/arm-none-eabi/4.8.4/armv6-m\libgcc.a(_dvmd_tls.o)
 .data          0x00000000        0x0 c:/program files (x86)/cypress/psoc creator/3.1/psoc creator/import/gnu_cs/arm/4.8.4/bin/../lib/gcc/arm-none-eabi/4.8.4/armv6-m\libgcc.a(_dvmd_tls.o)
 .bss           0x00000000        0x0 c:/program files (x86)/cypress/psoc creator/3.1/psoc creator/import/gnu_cs/arm/4.8.4/bin/../lib/gcc/arm-none-eabi/4.8.4/armv6-m\libgcc.a(_dvmd_tls.o)
 .text          0x00000000        0x0 c:/program files (x86)/cypress/psoc creator/3.1/psoc creator/import/gnu_cs/arm/4.8.4/bin/../lib/gcc/arm-none-eabi/4.8.4/../../../../arm-none-eabi/lib/armv6-m\libg_s.a(lib_a-errno.o)
 .data          0x00000000        0x0 c:/program files (x86)/cypress/psoc creator/3.1/psoc creator/import/gnu_cs/arm/4.8.4/bin/../lib/gcc/arm-none-eabi/4.8.4/../../../../arm-none-eabi/lib/armv6-m\libg_s.a(lib_a-errno.o)
 .bss           0x00000000        0x0 c:/program files (x86)/cypress/psoc creator/3.1/psoc creator/import/gnu_cs/arm/4.8.4/bin/../lib/gcc/arm-none-eabi/4.8.4/../../../../arm-none-eabi/lib/armv6-m\libg_s.a(lib_a-errno.o)
 .text.__errno  0x00000000        0xc c:/program files (x86)/cypress/psoc creator/3.1/psoc creator/import/gnu_cs/arm/4.8.4/bin/../lib/gcc/arm-none-eabi/4.8.4/../../../../arm-none-eabi/lib/armv6-m\libg_s.a(lib_a-errno.o)
 .text          0x00000000        0x0 c:/program files (x86)/cypress/psoc creator/3.1/psoc creator/import/gnu_cs/arm/4.8.4/bin/../lib/gcc/arm-none-eabi/4.8.4/../../../../arm-none-eabi/lib/armv6-m\libg_s.a(lib_a-exit.o)
 .data          0x00000000        0x0 c:/program files (x86)/cypress/psoc creator/3.1/psoc creator/import/gnu_cs/arm/4.8.4/bin/../lib/gcc/arm-none-eabi/4.8.4/../../../../arm-none-eabi/lib/armv6-m\libg_s.a(lib_a-exit.o)
 .bss           0x00000000        0x0 c:/program files (x86)/cypress/psoc creator/3.1/psoc creator/import/gnu_cs/arm/4.8.4/bin/../lib/gcc/arm-none-eabi/4.8.4/../../../../arm-none-eabi/lib/armv6-m\libg_s.a(lib_a-exit.o)
 .text.exit     0x00000000       0x2c c:/program files (x86)/cypress/psoc creator/3.1/psoc creator/import/gnu_cs/arm/4.8.4/bin/../lib/gcc/arm-none-eabi/4.8.4/../../../../arm-none-eabi/lib/armv6-m\libg_s.a(lib_a-exit.o)
 .text          0x00000000        0x0 c:/program files (x86)/cypress/psoc creator/3.1/psoc creator/import/gnu_cs/arm/4.8.4/bin/../lib/gcc/arm-none-eabi/4.8.4/../../../../arm-none-eabi/lib/armv6-m\libg_s.a(lib_a-impure.o)
 .data          0x00000000        0x0 c:/program files (x86)/cypress/psoc creator/3.1/psoc creator/import/gnu_cs/arm/4.8.4/bin/../lib/gcc/arm-none-eabi/4.8.4/../../../../arm-none-eabi/lib/armv6-m\libg_s.a(lib_a-impure.o)
 .bss           0x00000000        0x0 c:/program files (x86)/cypress/psoc creator/3.1/psoc creator/import/gnu_cs/arm/4.8.4/bin/../lib/gcc/arm-none-eabi/4.8.4/../../../../arm-none-eabi/lib/armv6-m\libg_s.a(lib_a-impure.o)
 .data.impure_data
                0x00000000       0x60 c:/program files (x86)/cypress/psoc creator/3.1/psoc creator/import/gnu_cs/arm/4.8.4/bin/../lib/gcc/arm-none-eabi/4.8.4/../../../../arm-none-eabi/lib/armv6-m\libg_s.a(lib_a-impure.o)
 .data._impure_ptr
                0x00000000        0x4 c:/program files (x86)/cypress/psoc creator/3.1/psoc creator/import/gnu_cs/arm/4.8.4/bin/../lib/gcc/arm-none-eabi/4.8.4/../../../../arm-none-eabi/lib/armv6-m\libg_s.a(lib_a-impure.o)
 .rodata.str1.1
                0x00000000        0x2 c:/program files (x86)/cypress/psoc creator/3.1/psoc creator/import/gnu_cs/arm/4.8.4/bin/../lib/gcc/arm-none-eabi/4.8.4/../../../../arm-none-eabi/lib/armv6-m\libg_s.a(lib_a-impure.o)
 .rodata._global_impure_ptr
                0x00000000        0x4 c:/program files (x86)/cypress/psoc creator/3.1/psoc creator/import/gnu_cs/arm/4.8.4/bin/../lib/gcc/arm-none-eabi/4.8.4/../../../../arm-none-eabi/lib/armv6-m\libg_s.a(lib_a-impure.o)
 .text          0x00000000        0x0 c:/program files (x86)/cypress/psoc creator/3.1/psoc creator/import/gnu_cs/arm/4.8.4/bin/../lib/gcc/arm-none-eabi/4.8.4/../../../../arm-none-eabi/lib/armv6-m\libg_s.a(lib_a-init.o)
 .data          0x00000000        0x0 c:/program files (x86)/cypress/psoc creator/3.1/psoc creator/import/gnu_cs/arm/4.8.4/bin/../lib/gcc/arm-none-eabi/4.8.4/../../../../arm-none-eabi/lib/armv6-m\libg_s.a(lib_a-init.o)
 .bss           0x00000000        0x0 c:/program files (x86)/cypress/psoc creator/3.1/psoc creator/import/gnu_cs/arm/4.8.4/bin/../lib/gcc/arm-none-eabi/4.8.4/../../../../arm-none-eabi/lib/armv6-m\libg_s.a(lib_a-init.o)
 .text          0x00000000        0x0 c:/program files (x86)/cypress/psoc creator/3.1/psoc creator/import/gnu_cs/arm/4.8.4/bin/../lib/gcc/arm-none-eabi/4.8.4/../../../../arm-none-eabi/lib/armv6-m\libg_s.a(lib_a-memcpy-stub.o)
 .data          0x00000000        0x0 c:/program files (x86)/cypress/psoc creator/3.1/psoc creator/import/gnu_cs/arm/4.8.4/bin/../lib/gcc/arm-none-eabi/4.8.4/../../../../arm-none-eabi/lib/armv6-m\libg_s.a(lib_a-memcpy-stub.o)
 .bss           0x00000000        0x0 c:/program files (x86)/cypress/psoc creator/3.1/psoc creator/import/gnu_cs/arm/4.8.4/bin/../lib/gcc/arm-none-eabi/4.8.4/../../../../arm-none-eabi/lib/armv6-m\libg_s.a(lib_a-memcpy-stub.o)
 .text.memcpy   0x00000000       0x12 c:/program files (x86)/cypress/psoc creator/3.1/psoc creator/import/gnu_cs/arm/4.8.4/bin/../lib/gcc/arm-none-eabi/4.8.4/../../../../arm-none-eabi/lib/armv6-m\libg_s.a(lib_a-memcpy-stub.o)
 .text          0x00000000        0x0 c:/program files (x86)/cypress/psoc creator/3.1/psoc creator/import/gnu_cs/arm/4.8.4/bin/../lib/gcc/arm-none-eabi/4.8.4/../../../../arm-none-eabi/lib/armv6-m\libg_s.a(lib_a-memset.o)
 .data          0x00000000        0x0 c:/program files (x86)/cypress/psoc creator/3.1/psoc creator/import/gnu_cs/arm/4.8.4/bin/../lib/gcc/arm-none-eabi/4.8.4/../../../../arm-none-eabi/lib/armv6-m\libg_s.a(lib_a-memset.o)
 .bss           0x00000000        0x0 c:/program files (x86)/cypress/psoc creator/3.1/psoc creator/import/gnu_cs/arm/4.8.4/bin/../lib/gcc/arm-none-eabi/4.8.4/../../../../arm-none-eabi/lib/armv6-m\libg_s.a(lib_a-memset.o)
 .text          0x00000000        0x0 c:/program files (x86)/cypress/psoc creator/3.1/psoc creator/import/gnu_cs/arm/4.8.4/bin/../lib/gcc/arm-none-eabi/4.8.4/armv6-m/crtend.o
 .data          0x00000000        0x0 c:/program files (x86)/cypress/psoc creator/3.1/psoc creator/import/gnu_cs/arm/4.8.4/bin/../lib/gcc/arm-none-eabi/4.8.4/armv6-m/crtend.o
 .bss           0x00000000        0x0 c:/program files (x86)/cypress/psoc creator/3.1/psoc creator/import/gnu_cs/arm/4.8.4/bin/../lib/gcc/arm-none-eabi/4.8.4/armv6-m/crtend.o
 .text          0x00000000        0x0 c:/program files (x86)/cypress/psoc creator/3.1/psoc creator/import/gnu_cs/arm/4.8.4/bin/../lib/gcc/arm-none-eabi/4.8.4/armv6-m/crtn.o
 .data          0x00000000        0x0 c:/program files (x86)/cypress/psoc creator/3.1/psoc creator/import/gnu_cs/arm/4.8.4/bin/../lib/gcc/arm-none-eabi/4.8.4/armv6-m/crtn.o
 .bss           0x00000000        0x0 c:/program files (x86)/cypress/psoc creator/3.1/psoc creator/import/gnu_cs/arm/4.8.4/bin/../lib/gcc/arm-none-eabi/4.8.4/armv6-m/crtn.o

Memory Configuration

Name             Origin             Length             Attributes
rom              0x00000000         0x00008000         xr
ram              0x20000000         0x00001000         xrw
*default*        0x00000000         0xffffffff

Linker script and memory map

LOAD c:/program files (x86)/cypress/psoc creator/3.1/psoc creator/import/gnu_cs/arm/4.8.4/bin/../lib/gcc/arm-none-eabi/4.8.4/armv6-m/crti.o
LOAD c:/program files (x86)/cypress/psoc creator/3.1/psoc creator/import/gnu_cs/arm/4.8.4/bin/../lib/gcc/arm-none-eabi/4.8.4/armv6-m/crtbegin.o
LOAD c:/program files (x86)/cypress/psoc creator/3.1/psoc creator/import/gnu_cs/arm/4.8.4/bin/../lib/gcc/arm-none-eabi/4.8.4/../../../../arm-none-eabi/lib/armv6-m/crt0.o
START GROUP
LOAD .\CortexM0\ARM_GCC_484\Debug\main.o
LOAD .\CortexM0\ARM_GCC_484\Debug\cymetadata.o
LOAD .\CortexM0\ARM_GCC_484\Debug\Cm0Start.o
LOAD .\CortexM0\ARM_GCC_484\Debug\PWM_MUX.a
LOAD C:\Program Files (x86)\Cypress\PSoC Creator\3.1\PSoC Creator\psoc\content\cycomponentlibrary\CyComponentLibrary.cylib\CortexM0\ARM_GCC_484\Debug\CyComponentLibrary.a
END GROUP
START GROUP
LOAD c:/program files (x86)/cypress/psoc creator/3.1/psoc creator/import/gnu_cs/arm/4.8.4/bin/../lib/gcc/arm-none-eabi/4.8.4/armv6-m\libgcc.a
LOAD c:/program files (x86)/cypress/psoc creator/3.1/psoc creator/import/gnu_cs/arm/4.8.4/bin/../lib/gcc/arm-none-eabi/4.8.4/../../../../arm-none-eabi/lib/armv6-m\libg_s.a
LOAD c:/program files (x86)/cypress/psoc creator/3.1/psoc creator/import/gnu_cs/arm/4.8.4/bin/../lib/gcc/arm-none-eabi/4.8.4/../../../../arm-none-eabi/lib/armv6-m\libc_s.a
END GROUP
START GROUP
LOAD c:/program files (x86)/cypress/psoc creator/3.1/psoc creator/import/gnu_cs/arm/4.8.4/bin/../lib/gcc/arm-none-eabi/4.8.4/armv6-m\libgcc.a
LOAD c:/program files (x86)/cypress/psoc creator/3.1/psoc creator/import/gnu_cs/arm/4.8.4/bin/../lib/gcc/arm-none-eabi/4.8.4/../../../../arm-none-eabi/lib/armv6-m\libc_s.a
END GROUP
LOAD c:/program files (x86)/cypress/psoc creator/3.1/psoc creator/import/gnu_cs/arm/4.8.4/bin/../lib/gcc/arm-none-eabi/4.8.4/armv6-m/crtend.o
LOAD c:/program files (x86)/cypress/psoc creator/3.1/psoc creator/import/gnu_cs/arm/4.8.4/bin/../lib/gcc/arm-none-eabi/4.8.4/armv6-m/crtn.o
START GROUP
LOAD c:/program files (x86)/cypress/psoc creator/3.1/psoc creator/import/gnu_cs/arm/4.8.4/bin/../lib/gcc/arm-none-eabi/4.8.4/armv6-m\libgcc.a
LOAD c:/program files (x86)/cypress/psoc creator/3.1/psoc creator/import/gnu_cs/arm/4.8.4/bin/../lib/gcc/arm-none-eabi/4.8.4/../../../../arm-none-eabi/lib/armv6-m\libc.a
LOAD c:/program files (x86)/cypress/psoc creator/3.1/psoc creator/import/gnu_cs/arm/4.8.4/bin/../lib/gcc/arm-none-eabi/4.8.4/../../../../arm-none-eabi/lib/armv6-m\libnosys.a
END GROUP
                0x00000000                CY_APPL_ORIGIN = 0x0
                0x00000080                CY_FLASH_ROW_SIZE = 0x80
                0x00000001                CY_APPL_NUM = 0x1
                0x00000040                CY_METADATA_SIZE = 0x40
                0x20000100                PROVIDE (__cy_heap_start, _end)
                0x00000001                PROVIDE (__cy_region_num, ((__cy_regions_end - __cy_regions) / 0x10))
                0x20001000                PROVIDE (__cy_stack, (ORIGIN (ram) + 0x1000))
                0x20000c00                PROVIDE (__cy_heap_end, (__cy_stack - 0x400))

.cybootloader   0x00000000        0x0
 *(.cybootloader)
                0x00000000                appl1_start = CY_APPL_ORIGIN?CY_APPL_ORIGIN:ALIGN (CY_FLASH_ROW_SIZE)
                0x00003f80                appl2_start = (appl1_start + ALIGN ((((0x8000 - appl1_start) - (0x2 * CY_FLASH_ROW_SIZE)) / 0x2), CY_FLASH_ROW_SIZE))
                0x00000000                appl_start = (CY_APPL_NUM == 0x1)?appl1_start:appl2_start

.text           0x00000000      0xbfc
 CREATE_OBJECT_SYMBOLS
                0x00000000                PROVIDE (__cy_interrupt_vector, RomVectors)
 *(.romvectors)
 .romvectors    0x00000000       0x10 .\CortexM0\ARM_GCC_484\Debug\Cm0Start.o
                0x00000000                RomVectors
                0x00000001                ASSERT ((. != __cy_interrupt_vector), No interrupt vector)
                0x00000001                ASSERT (CY_APPL_ORIGIN?(SIZEOF (.cybootloader) <= CY_APPL_ORIGIN):0x1, Wrong image location)
                0x00000010                PROVIDE (__cy_reset, Reset)
 *(.text.Reset)
 .text.Reset    0x00000010        0x8 .\CortexM0\ARM_GCC_484\Debug\Cm0Start.o
                0x00000010                Reset
                0x00000001                ASSERT ((. != __cy_reset), No reset code)
 *(.psocinit)
 .psocinit      0x00000018      0x30c .\CortexM0\ARM_GCC_484\Debug\PWM_MUX.a(cyfitter_cfg.o)
                0x00000184                cyfitter_cfg
                0x00000324                . = MAX (., 0x100)
 *(.text .text.* .gnu.linkonce.t.*)
 .text          0x00000324       0x60 c:/program files (x86)/cypress/psoc creator/3.1/psoc creator/import/gnu_cs/arm/4.8.4/bin/../lib/gcc/arm-none-eabi/4.8.4/armv6-m/crtbegin.o
 .text.main     0x00000384       0xc4 .\CortexM0\ARM_GCC_484\Debug\main.o
                0x00000384                main
 .text.IntDefaultHandler
                0x00000448        0x8 .\CortexM0\ARM_GCC_484\Debug\Cm0Start.o
                0x00000448                IntDefaultHandler
 .text.Start_c  0x00000450       0x98 .\CortexM0\ARM_GCC_484\Debug\Cm0Start.o
                0x00000450                Start_c
 .text.initialize_psoc
                0x000004e8       0x64 .\CortexM0\ARM_GCC_484\Debug\Cm0Start.o
                0x000004e8                initialize_psoc
 .text.CYMEMZERO
                0x0000054c       0x20 .\CortexM0\ARM_GCC_484\Debug\PWM_MUX.a(cyfitter_cfg.o)
 .text.cfg_write_bytes32
                0x0000056c       0x80 .\CortexM0\ARM_GCC_484\Debug\PWM_MUX.a(cyfitter_cfg.o)
 .text.AnalogSetDefault
                0x000005ec        0x8 .\CortexM0\ARM_GCC_484\Debug\PWM_MUX.a(cyfitter_cfg.o)
 .text.INPUT_SELECT_Write
                0x000005f4       0x4c .\CortexM0\ARM_GCC_484\Debug\PWM_MUX.a(INPUT_SELECT.o)
                0x000005f4                INPUT_SELECT_Write
 .text          0x00000640       0x28 .\CortexM0\ARM_GCC_484\Debug\PWM_MUX.a(CyBootAsmGnu.o)
                0x00000640                CyDelayCycles
                0x00000654                CyEnterCriticalSection
                0x0000065c                CyExitCriticalSection
 .text.CyDelayUs
                0x00000668       0x28 .\CortexM0\ARM_GCC_484\Debug\PWM_MUX.a(CyLib.o)
                0x00000668                CyDelayUs
 .text.LED_Write
                0x00000690       0x4c .\CortexM0\ARM_GCC_484\Debug\PWM_MUX.a(LED.o)
                0x00000690                LED_Write
 .text.Mux_timer_Init
                0x000006dc       0x38 .\CortexM0\ARM_GCC_484\Debug\PWM_MUX.a(Mux_timer.o)
                0x000006dc                Mux_timer_Init
 .text.Mux_timer_Enable
                0x00000714       0x30 .\CortexM0\ARM_GCC_484\Debug\PWM_MUX.a(Mux_timer.o)
                0x00000714                Mux_timer_Enable
 .text.Mux_timer_Start
                0x00000744       0x24 .\CortexM0\ARM_GCC_484\Debug\PWM_MUX.a(Mux_timer.o)
                0x00000744                Mux_timer_Start
 .text.Mux_timer_WriteCounter
                0x00000768       0x1c .\CortexM0\ARM_GCC_484\Debug\PWM_MUX.a(Mux_timer.o)
                0x00000768                Mux_timer_WriteCounter
 .text.Mux_timer_WritePeriod
                0x00000784       0x1c .\CortexM0\ARM_GCC_484\Debug\PWM_MUX.a(Mux_timer.o)
                0x00000784                Mux_timer_WritePeriod
 .text.Mux_timer_ReadCapture
                0x000007a0       0x18 .\CortexM0\ARM_GCC_484\Debug\PWM_MUX.a(Mux_timer.o)
                0x000007a0                Mux_timer_ReadCapture
 .text.Mux_timer_SetInterruptMode
                0x000007b8       0x18 .\CortexM0\ARM_GCC_484\Debug\PWM_MUX.a(Mux_timer.o)
                0x000007b8                Mux_timer_SetInterruptMode
 .text.Default_PWM_Init
                0x000007d0       0x5c .\CortexM0\ARM_GCC_484\Debug\PWM_MUX.a(Default_PWM.o)
                0x000007d0                Default_PWM_Init
 .text.Default_PWM_Enable
                0x0000082c       0x38 .\CortexM0\ARM_GCC_484\Debug\PWM_MUX.a(Default_PWM.o)
                0x0000082c                Default_PWM_Enable
 .text.Default_PWM_Start
                0x00000864       0x24 .\CortexM0\ARM_GCC_484\Debug\PWM_MUX.a(Default_PWM.o)
                0x00000864                Default_PWM_Start
 .text.Default_PWM_WriteCounter
                0x00000888       0x1c .\CortexM0\ARM_GCC_484\Debug\PWM_MUX.a(Default_PWM.o)
                0x00000888                Default_PWM_WriteCounter
 .text.Default_PWM_WritePeriod
                0x000008a4       0x1c .\CortexM0\ARM_GCC_484\Debug\PWM_MUX.a(Default_PWM.o)
                0x000008a4                Default_PWM_WritePeriod
 .text.Default_PWM_WriteCompare
                0x000008c0       0x1c .\CortexM0\ARM_GCC_484\Debug\PWM_MUX.a(Default_PWM.o)
                0x000008c0                Default_PWM_WriteCompare
 .text.Default_PWM_TriggerCommand
                0x000008dc       0x3c .\CortexM0\ARM_GCC_484\Debug\PWM_MUX.a(Default_PWM.o)
                0x000008dc                Default_PWM_TriggerCommand
 .text.Default_PWM_SetInterruptMode
                0x00000918       0x18 .\CortexM0\ARM_GCC_484\Debug\PWM_MUX.a(Default_PWM.o)
                0x00000918                Default_PWM_SetInterruptMode
 .text.Cam_sel_PWM_Init
                0x00000930       0x5c .\CortexM0\ARM_GCC_484\Debug\PWM_MUX.a(Cam_sel_PWM.o)
                0x00000930                Cam_sel_PWM_Init
 .text.Cam_sel_PWM_Enable
                0x0000098c       0x38 .\CortexM0\ARM_GCC_484\Debug\PWM_MUX.a(Cam_sel_PWM.o)
                0x0000098c                Cam_sel_PWM_Enable
 .text.Cam_sel_PWM_Start
                0x000009c4       0x24 .\CortexM0\ARM_GCC_484\Debug\PWM_MUX.a(Cam_sel_PWM.o)
                0x000009c4                Cam_sel_PWM_Start
 .text.Cam_sel_PWM_WriteCounter
                0x000009e8       0x1c .\CortexM0\ARM_GCC_484\Debug\PWM_MUX.a(Cam_sel_PWM.o)
                0x000009e8                Cam_sel_PWM_WriteCounter
 .text.Cam_sel_PWM_WritePeriod
                0x00000a04       0x1c .\CortexM0\ARM_GCC_484\Debug\PWM_MUX.a(Cam_sel_PWM.o)
                0x00000a04                Cam_sel_PWM_WritePeriod
 .text.Cam_sel_PWM_WriteCompare
                0x00000a20       0x1c .\CortexM0\ARM_GCC_484\Debug\PWM_MUX.a(Cam_sel_PWM.o)
                0x00000a20                Cam_sel_PWM_WriteCompare
 .text.Cam_sel_PWM_TriggerCommand
                0x00000a3c       0x3c .\CortexM0\ARM_GCC_484\Debug\PWM_MUX.a(Cam_sel_PWM.o)
                0x00000a3c                Cam_sel_PWM_TriggerCommand
 .text.Cam_sel_PWM_SetInterruptMode
                0x00000a78       0x18 .\CortexM0\ARM_GCC_484\Debug\PWM_MUX.a(Cam_sel_PWM.o)
                0x00000a78                Cam_sel_PWM_SetInterruptMode
 .text.Cam_Sel_timer_Init
                0x00000a90       0x38 .\CortexM0\ARM_GCC_484\Debug\PWM_MUX.a(Cam_Sel_timer.o)
                0x00000a90                Cam_Sel_timer_Init
 .text.Cam_Sel_timer_Enable
                0x00000ac8       0x30 .\CortexM0\ARM_GCC_484\Debug\PWM_MUX.a(Cam_Sel_timer.o)
                0x00000ac8                Cam_Sel_timer_Enable
 .text.Cam_Sel_timer_Start
                0x00000af8       0x24 .\CortexM0\ARM_GCC_484\Debug\PWM_MUX.a(Cam_Sel_timer.o)
                0x00000af8                Cam_Sel_timer_Start
 .text.Cam_Sel_timer_WriteCounter
                0x00000b1c       0x1c .\CortexM0\ARM_GCC_484\Debug\PWM_MUX.a(Cam_Sel_timer.o)
                0x00000b1c                Cam_Sel_timer_WriteCounter
 .text.Cam_Sel_timer_WritePeriod
                0x00000b38       0x1c .\CortexM0\ARM_GCC_484\Debug\PWM_MUX.a(Cam_Sel_timer.o)
                0x00000b38                Cam_Sel_timer_WritePeriod
 .text.Cam_Sel_timer_ReadCapture
                0x00000b54       0x18 .\CortexM0\ARM_GCC_484\Debug\PWM_MUX.a(Cam_Sel_timer.o)
                0x00000b54                Cam_Sel_timer_ReadCapture
 .text.Cam_Sel_timer_SetInterruptMode
                0x00000b6c       0x18 .\CortexM0\ARM_GCC_484\Debug\PWM_MUX.a(Cam_Sel_timer.o)
                0x00000b6c                Cam_Sel_timer_SetInterruptMode
 .text.Arm_select_Read
                0x00000b84       0x1c .\CortexM0\ARM_GCC_484\Debug\PWM_MUX.a(Arm_select.o)
                0x00000b84                Arm_select_Read
 .text.__libc_init_array
                0x00000ba0       0x4c c:/program files (x86)/cypress/psoc creator/3.1/psoc creator/import/gnu_cs/arm/4.8.4/bin/../lib/gcc/arm-none-eabi/4.8.4/../../../../arm-none-eabi/lib/armv6-m\libg_s.a(lib_a-init.o)
                0x00000ba0                __libc_init_array
 .text.memset   0x00000bec       0x10 c:/program files (x86)/cypress/psoc creator/3.1/psoc creator/import/gnu_cs/arm/4.8.4/bin/../lib/gcc/arm-none-eabi/4.8.4/../../../../arm-none-eabi/lib/armv6-m\libg_s.a(lib_a-memset.o)
                0x00000bec                memset
 *(.plt)
 *(.gnu.warning)
 *(.glue_7t)
 .glue_7t       0x00000000        0x0 linker stubs
 *(.glue_7)
 .glue_7        0x00000000        0x0 linker stubs
 *(.vfp11_veneer)
 .vfp11_veneer  0x00000000        0x0 linker stubs
 *(.bootloader)
 *(.ARM.extab* .gnu.linkonce.armextab.*)
 *(.gcc_except_table)

.v4_bx          0x00000bfc        0x0
 .v4_bx         0x00000000        0x0 linker stubs

.iplt           0x00000bfc        0x0
 .iplt          0x00000000        0x0 c:/program files (x86)/cypress/psoc creator/3.1/psoc creator/import/gnu_cs/arm/4.8.4/bin/../lib/gcc/arm-none-eabi/4.8.4/armv6-m/crtbegin.o

.eh_frame_hdr
 *(.eh_frame_hdr)

.eh_frame       0x00000bfc        0x4
 *(.eh_frame)
 .eh_frame      0x00000bfc        0x0 c:/program files (x86)/cypress/psoc creator/3.1/psoc creator/import/gnu_cs/arm/4.8.4/bin/../lib/gcc/arm-none-eabi/4.8.4/armv6-m/crtbegin.o
 .eh_frame      0x00000bfc        0x4 c:/program files (x86)/cypress/psoc creator/3.1/psoc creator/import/gnu_cs/arm/4.8.4/bin/../lib/gcc/arm-none-eabi/4.8.4/armv6-m/crtend.o
                0x00000c00                PROVIDE (__exidx_start, .)

.ARM.exidx
 *(.ARM.exidx* .gnu.linkonce.armexidx.*)
                0x00000c00                __exidx_end = .

.rodata         0x00000c00      0x1b0
 *(.rodata .rodata.* .gnu.linkonce.r.*)
 .rodata        0x00000c00      0x178 .\CortexM0\ARM_GCC_484\Debug\PWM_MUX.a(cyfitter_cfg.o)
                0x00000d78                . = ALIGN (0x4)
 *(.init)
 .init          0x00000d78        0x4 c:/program files (x86)/cypress/psoc creator/3.1/psoc creator/import/gnu_cs/arm/4.8.4/bin/../lib/gcc/arm-none-eabi/4.8.4/armv6-m/crti.o
                0x00000d78                _init
 .init          0x00000d7c        0x8 c:/program files (x86)/cypress/psoc creator/3.1/psoc creator/import/gnu_cs/arm/4.8.4/bin/../lib/gcc/arm-none-eabi/4.8.4/armv6-m/crtn.o
                0x00000d84                . = ALIGN (0x4)
                0x00000d84                __preinit_array_start = .
 *(.preinit_array)
                0x00000d84                __preinit_array_end = .
                0x00000d84                . = ALIGN (0x4)
                0x00000d84                __init_array_start = .
 *(SORT(.init_array.*))
 *(.init_array)
 .init_array    0x00000d84        0x4 c:/program files (x86)/cypress/psoc creator/3.1/psoc creator/import/gnu_cs/arm/4.8.4/bin/../lib/gcc/arm-none-eabi/4.8.4/armv6-m/crtbegin.o
 .init_array    0x00000d88        0x4 .\CortexM0\ARM_GCC_484\Debug\Cm0Start.o
                0x00000d8c                __init_array_end = .
                0x00000d8c                . = ALIGN (0x4)
 *(.fini)
 .fini          0x00000d8c        0x4 c:/program files (x86)/cypress/psoc creator/3.1/psoc creator/import/gnu_cs/arm/4.8.4/bin/../lib/gcc/arm-none-eabi/4.8.4/armv6-m/crti.o
                0x00000d8c                _fini
 .fini          0x00000d90        0x8 c:/program files (x86)/cypress/psoc creator/3.1/psoc creator/import/gnu_cs/arm/4.8.4/bin/../lib/gcc/arm-none-eabi/4.8.4/armv6-m/crtn.o
                0x00000d98                . = ALIGN (0x4)
                0x00000d98                __fini_array_start = .
 *(.fini_array)
 .fini_array    0x00000d98        0x4 c:/program files (x86)/cypress/psoc creator/3.1/psoc creator/import/gnu_cs/arm/4.8.4/bin/../lib/gcc/arm-none-eabi/4.8.4/armv6-m/crtbegin.o
 *(SORT(.fini_array.*))
                0x00000d9c                __fini_array_end = .
                0x00000d9c                . = ALIGN (0x4)
 *crtbegin.o(.ctors)
 *(EXCLUDE_FILE(*crtend.o) .ctors)
 *(SORT(.ctors.*))
 *crtend.o(.ctors)
                0x00000d9c                . = ALIGN (0x4)
 *crtbegin.o(.dtors)
 *(EXCLUDE_FILE(*crtend.o) .dtors)
 *(SORT(.dtors.*))
 *crtend.o(.dtors)
                0x00000d9c                . = ALIGN (0x4)
                0x00000d9c                __cy_regions = .
                0x00000d9c        0x4 LONG 0xdb0 __cy_region_init_ram
                0x00000da0        0x4 LONG 0x200000c8 __cy_region_start_data
                0x00000da4        0x4 LONG 0x18 __cy_region_init_size_ram
                0x00000da8        0x4 LONG 0x20 __cy_region_zero_size_ram
                0x00000dac                __cy_regions_end = .
                0x00000db0                . = ALIGN (0x8)
 *fill*         0x00000dac        0x4 
                0x00000db0                _etext = .

.ramvectors     0x20000000       0xc0
                0x20000000                __cy_region_start_ram = .
 *(.ramvectors)
 .ramvectors    0x20000000       0xc0 .\CortexM0\ARM_GCC_484\Debug\Cm0Start.o
                0x20000000                CyRamVectors

.noinit         0x200000c0        0x4
 *(.noinit)
 .noinit        0x200000c0        0x4 .\CortexM0\ARM_GCC_484\Debug\Cm0Start.o

.data           0x200000c8       0x18 load address 0x00000db0
                0x200000c8                __cy_region_start_data = .
 *(.jcr)
 .jcr           0x200000c8        0x0 c:/program files (x86)/cypress/psoc creator/3.1/psoc creator/import/gnu_cs/arm/4.8.4/bin/../lib/gcc/arm-none-eabi/4.8.4/armv6-m/crtbegin.o
 .jcr           0x200000c8        0x4 c:/program files (x86)/cypress/psoc creator/3.1/psoc creator/import/gnu_cs/arm/4.8.4/bin/../lib/gcc/arm-none-eabi/4.8.4/armv6-m/crtend.o
 *(.got.plt)
 *(.got)
 *(.shdata)
 *(.data .data.* .gnu.linkonce.d.*)
 .data          0x200000cc        0x4 .\CortexM0\ARM_GCC_484\Debug\PWM_MUX.a(cyfitter_cfg.o)
 .data          0x200000d0       0x10 .\CortexM0\ARM_GCC_484\Debug\PWM_MUX.a(CyLib.o)
                0x200000d0                cydelayFreqHz
                0x200000d4                cydelayFreqKhz
                0x200000d8                cydelayFreqMhz
                0x200000dc                cydelay32kMs
                0x200000e0                . = ALIGN (0x8)
 *(.ram)
                0x200000e0                _edata = .

.igot.plt       0x200000e0        0x0 load address 0x00000dc8
 .igot.plt      0x00000000        0x0 c:/program files (x86)/cypress/psoc creator/3.1/psoc creator/import/gnu_cs/arm/4.8.4/bin/../lib/gcc/arm-none-eabi/4.8.4/armv6-m/crtbegin.o

.bss            0x200000e0       0x20 load address 0x00000dc8
                0x200000e0                PROVIDE (__bss_start__, .)
 *(.shbss)
 *(.bss .bss.* .gnu.linkonce.b.*)
 .bss           0x200000e0       0x1c c:/program files (x86)/cypress/psoc creator/3.1/psoc creator/import/gnu_cs/arm/4.8.4/bin/../lib/gcc/arm-none-eabi/4.8.4/armv6-m/crtbegin.o
 .bss           0x200000fc        0x1 .\CortexM0\ARM_GCC_484\Debug\PWM_MUX.a(Mux_timer.o)
                0x200000fc                Mux_timer_initVar
 .bss           0x200000fd        0x1 .\CortexM0\ARM_GCC_484\Debug\PWM_MUX.a(Default_PWM.o)
                0x200000fd                Default_PWM_initVar
 .bss           0x200000fe        0x1 .\CortexM0\ARM_GCC_484\Debug\PWM_MUX.a(Cam_sel_PWM.o)
                0x200000fe                Cam_sel_PWM_initVar
 .bss           0x200000ff        0x1 .\CortexM0\ARM_GCC_484\Debug\PWM_MUX.a(Cam_Sel_timer.o)
                0x200000ff                Cam_Sel_timer_initVar
 *(COMMON)
                0x20000100                . = ALIGN (0x8)
 *(.ram.b)
                0x20000100                _end = .
                0x20000100                __end = .
                0x20000100                PROVIDE (end, .)
                0x20000100                PROVIDE (__bss_end__, .)
                0x00000db0                __cy_region_init_ram = LOADADDR (.data)
                0x00000018                __cy_region_init_size_ram = (_edata - ADDR (.data))
                0x00000020                __cy_region_zero_size_ram = (_end - _edata)

.heap           0x20000100       0x80 load address 0x00000dc8
                0x20000100                . = _end
                0x20000180                . = (. + 0x80)
 *fill*         0x20000100       0x80 
                0x20000180                __cy_heap_limit = .

.stack          0x20000c00      0x400
                0x20000c00                __cy_stack_limit = .
                0x20001000                . = (. + 0x400)
 *fill*         0x20000c00      0x400 
                0x00000001                ASSERT ((__cy_stack_limit >= __cy_heap_limit), region RAM overflowed with stack)

.cyloadermeta
 *(.cyloadermeta)

.cyloadablemeta
 *(.cyloadablemeta)

.cyflashprotect
                0x90400000       0x20
 *(.cyflashprotect)
 .cyflashprotect
                0x90400000       0x20 .\CortexM0\ARM_GCC_484\Debug\cymetadata.o
                0x90400000                cy_meta_flashprotect

.cymeta         0x90500000        0xc
 *(.cymeta)
 .cymeta        0x90500000        0xc .\CortexM0\ARM_GCC_484\Debug\cymetadata.o
                0x90500000                cy_metadata

.cychipprotect  0x90600000        0x4
 *(.cychipprotect)
 .cychipprotect
                0x90600000        0x4 .\CortexM0\ARM_GCC_484\Debug\cymetadata.o
                0x90600000                cy_meta_chipprotect

.rel.dyn        0x00000dc8        0x0 load address 0x90600004
 .rel.iplt      0x00000000        0x0 c:/program files (x86)/cypress/psoc creator/3.1/psoc creator/import/gnu_cs/arm/4.8.4/bin/../lib/gcc/arm-none-eabi/4.8.4/armv6-m/crtbegin.o

.stab
 *(.stab)

.stabstr
 *(.stabstr)

.debug
 *(.debug)

.line
 *(.line)

.debug_srcinfo
 *(.debug_srcinfo)

.debug_sfnames
 *(.debug_sfnames)

.debug_aranges  0x00000000      0x948
 *(.debug_aranges)
 .debug_aranges
                0x00000000       0x20 .\CortexM0\ARM_GCC_484\Debug\main.o
 .debug_aranges
                0x00000020       0x18 .\CortexM0\ARM_GCC_484\Debug\cymetadata.o
 .debug_aranges
                0x00000038       0x48 .\CortexM0\ARM_GCC_484\Debug\Cm0Start.o
 .debug_aranges
                0x00000080       0x58 .\CortexM0\ARM_GCC_484\Debug\PWM_MUX.a(cyfitter_cfg.o)
 .debug_aranges
                0x000000d8       0x40 .\CortexM0\ARM_GCC_484\Debug\PWM_MUX.a(INPUT_SELECT.o)
 .debug_aranges
                0x00000118       0x20 .\CortexM0\ARM_GCC_484\Debug\PWM_MUX.a(CyBootAsmGnu.o)
 .debug_aranges
                0x00000138      0x230 .\CortexM0\ARM_GCC_484\Debug\PWM_MUX.a(CyLib.o)
 .debug_aranges
                0x00000368       0x40 .\CortexM0\ARM_GCC_484\Debug\PWM_MUX.a(LED.o)
 .debug_aranges
                0x000003a8      0x158 .\CortexM0\ARM_GCC_484\Debug\PWM_MUX.a(Mux_timer.o)
 .debug_aranges
                0x00000500      0x158 .\CortexM0\ARM_GCC_484\Debug\PWM_MUX.a(Default_PWM.o)
 .debug_aranges
                0x00000658      0x158 .\CortexM0\ARM_GCC_484\Debug\PWM_MUX.a(Cam_sel_PWM.o)
 .debug_aranges
                0x000007b0      0x158 .\CortexM0\ARM_GCC_484\Debug\PWM_MUX.a(Cam_Sel_timer.o)
 .debug_aranges
                0x00000908       0x40 .\CortexM0\ARM_GCC_484\Debug\PWM_MUX.a(Arm_select.o)

.debug_pubnames
 *(.debug_pubnames)

.debug_info     0x00000000     0x3591
 *(.debug_info .gnu.linkonce.wi.*)
 .debug_info    0x00000000       0xcf .\CortexM0\ARM_GCC_484\Debug\main.o
 .debug_info    0x000000cf       0xfd .\CortexM0\ARM_GCC_484\Debug\cymetadata.o
 .debug_info    0x000001cc      0x2ff .\CortexM0\ARM_GCC_484\Debug\Cm0Start.o
 .debug_info    0x000004cb      0x442 .\CortexM0\ARM_GCC_484\Debug\PWM_MUX.a(cyfitter_cfg.o)
 .debug_info    0x0000090d      0x14c .\CortexM0\ARM_GCC_484\Debug\PWM_MUX.a(INPUT_SELECT.o)
 .debug_info    0x00000a59       0x85 .\CortexM0\ARM_GCC_484\Debug\PWM_MUX.a(CyBootAsmGnu.o)
 .debug_info    0x00000ade      0xc5b .\CortexM0\ARM_GCC_484\Debug\PWM_MUX.a(CyLib.o)
 .debug_info    0x00001739      0x14c .\CortexM0\ARM_GCC_484\Debug\PWM_MUX.a(LED.o)
 .debug_info    0x00001885      0x6f0 .\CortexM0\ARM_GCC_484\Debug\PWM_MUX.a(Mux_timer.o)
 .debug_info    0x00001f75      0x6f0 .\CortexM0\ARM_GCC_484\Debug\PWM_MUX.a(Default_PWM.o)
 .debug_info    0x00002665      0x6f0 .\CortexM0\ARM_GCC_484\Debug\PWM_MUX.a(Cam_sel_PWM.o)
 .debug_info    0x00002d55      0x6f0 .\CortexM0\ARM_GCC_484\Debug\PWM_MUX.a(Cam_Sel_timer.o)
 .debug_info    0x00003445      0x14c .\CortexM0\ARM_GCC_484\Debug\PWM_MUX.a(Arm_select.o)

.debug_abbrev   0x00000000      0xc66
 *(.debug_abbrev)
 .debug_abbrev  0x00000000       0x67 .\CortexM0\ARM_GCC_484\Debug\main.o
 .debug_abbrev  0x00000067       0x5d .\CortexM0\ARM_GCC_484\Debug\cymetadata.o
 .debug_abbrev  0x000000c4      0x1b4 .\CortexM0\ARM_GCC_484\Debug\Cm0Start.o
 .debug_abbrev  0x00000278      0x18a .\CortexM0\ARM_GCC_484\Debug\PWM_MUX.a(cyfitter_cfg.o)
 .debug_abbrev  0x00000402       0xb7 .\CortexM0\ARM_GCC_484\Debug\PWM_MUX.a(INPUT_SELECT.o)
 .debug_abbrev  0x000004b9       0x14 .\CortexM0\ARM_GCC_484\Debug\PWM_MUX.a(CyBootAsmGnu.o)
 .debug_abbrev  0x000004cd      0x207 .\CortexM0\ARM_GCC_484\Debug\PWM_MUX.a(CyLib.o)
 .debug_abbrev  0x000006d4       0xb7 .\CortexM0\ARM_GCC_484\Debug\PWM_MUX.a(LED.o)
 .debug_abbrev  0x0000078b      0x109 .\CortexM0\ARM_GCC_484\Debug\PWM_MUX.a(Mux_timer.o)
 .debug_abbrev  0x00000894      0x109 .\CortexM0\ARM_GCC_484\Debug\PWM_MUX.a(Default_PWM.o)
 .debug_abbrev  0x0000099d      0x109 .\CortexM0\ARM_GCC_484\Debug\PWM_MUX.a(Cam_sel_PWM.o)
 .debug_abbrev  0x00000aa6      0x109 .\CortexM0\ARM_GCC_484\Debug\PWM_MUX.a(Cam_Sel_timer.o)
 .debug_abbrev  0x00000baf       0xb7 .\CortexM0\ARM_GCC_484\Debug\PWM_MUX.a(Arm_select.o)

.debug_line     0x00000000     0x1ba1
 *(.debug_line)
 .debug_line    0x00000000       0x87 .\CortexM0\ARM_GCC_484\Debug\main.o
 .debug_line    0x00000087       0x53 .\CortexM0\ARM_GCC_484\Debug\cymetadata.o
 .debug_line    0x000000da      0x1bb .\CortexM0\ARM_GCC_484\Debug\Cm0Start.o
 .debug_line    0x00000295      0x1b8 .\CortexM0\ARM_GCC_484\Debug\PWM_MUX.a(cyfitter_cfg.o)
 .debug_line    0x0000044d       0xb3 .\CortexM0\ARM_GCC_484\Debug\PWM_MUX.a(INPUT_SELECT.o)
 .debug_line    0x00000500       0x69 .\CortexM0\ARM_GCC_484\Debug\PWM_MUX.a(CyBootAsmGnu.o)
 .debug_line    0x00000569      0x703 .\CortexM0\ARM_GCC_484\Debug\PWM_MUX.a(CyLib.o)
 .debug_line    0x00000c6c       0xa9 .\CortexM0\ARM_GCC_484\Debug\PWM_MUX.a(LED.o)
 .debug_line    0x00000d15      0x371 .\CortexM0\ARM_GCC_484\Debug\PWM_MUX.a(Mux_timer.o)
 .debug_line    0x00001086      0x37b .\CortexM0\ARM_GCC_484\Debug\PWM_MUX.a(Default_PWM.o)
 .debug_line    0x00001401      0x37b .\CortexM0\ARM_GCC_484\Debug\PWM_MUX.a(Cam_sel_PWM.o)
 .debug_line    0x0000177c      0x375 .\CortexM0\ARM_GCC_484\Debug\PWM_MUX.a(Cam_Sel_timer.o)
 .debug_line    0x00001af1       0xb0 .\CortexM0\ARM_GCC_484\Debug\PWM_MUX.a(Arm_select.o)

.debug_frame    0x00000000     0x21e0
 *(.debug_frame)
 .debug_frame   0x00000000       0x30 .\CortexM0\ARM_GCC_484\Debug\main.o
 .debug_frame   0x00000030       0xc8 .\CortexM0\ARM_GCC_484\Debug\Cm0Start.o
 .debug_frame   0x000000f8      0x108 .\CortexM0\ARM_GCC_484\Debug\PWM_MUX.a(cyfitter_cfg.o)
 .debug_frame   0x00000200       0xa8 .\CortexM0\ARM_GCC_484\Debug\PWM_MUX.a(INPUT_SELECT.o)
 .debug_frame   0x000002a8      0x83c .\CortexM0\ARM_GCC_484\Debug\PWM_MUX.a(CyLib.o)
 .debug_frame   0x00000ae4       0xa8 .\CortexM0\ARM_GCC_484\Debug\PWM_MUX.a(LED.o)
 .debug_frame   0x00000b8c      0x52c .\CortexM0\ARM_GCC_484\Debug\PWM_MUX.a(Mux_timer.o)
 .debug_frame   0x000010b8      0x52c .\CortexM0\ARM_GCC_484\Debug\PWM_MUX.a(Default_PWM.o)
 .debug_frame   0x000015e4      0x52c .\CortexM0\ARM_GCC_484\Debug\PWM_MUX.a(Cam_sel_PWM.o)
 .debug_frame   0x00001b10      0x52c .\CortexM0\ARM_GCC_484\Debug\PWM_MUX.a(Cam_Sel_timer.o)
 .debug_frame   0x0000203c       0xa8 .\CortexM0\ARM_GCC_484\Debug\PWM_MUX.a(Arm_select.o)
 .debug_frame   0x000020e4       0x20 c:/program files (x86)/cypress/psoc creator/3.1/psoc creator/import/gnu_cs/arm/4.8.4/bin/../lib/gcc/arm-none-eabi/4.8.4/armv6-m\libgcc.a(_udivsi3.o)
 .debug_frame   0x00002104       0x20 c:/program files (x86)/cypress/psoc creator/3.1/psoc creator/import/gnu_cs/arm/4.8.4/bin/../lib/gcc/arm-none-eabi/4.8.4/armv6-m\libgcc.a(_divsi3.o)
 .debug_frame   0x00002124       0x20 c:/program files (x86)/cypress/psoc creator/3.1/psoc creator/import/gnu_cs/arm/4.8.4/bin/../lib/gcc/arm-none-eabi/4.8.4/../../../../arm-none-eabi/lib/armv6-m\libg_s.a(lib_a-errno.o)
 .debug_frame   0x00002144       0x28 c:/program files (x86)/cypress/psoc creator/3.1/psoc creator/import/gnu_cs/arm/4.8.4/bin/../lib/gcc/arm-none-eabi/4.8.4/../../../../arm-none-eabi/lib/armv6-m\libg_s.a(lib_a-exit.o)
 .debug_frame   0x0000216c       0x2c c:/program files (x86)/cypress/psoc creator/3.1/psoc creator/import/gnu_cs/arm/4.8.4/bin/../lib/gcc/arm-none-eabi/4.8.4/../../../../arm-none-eabi/lib/armv6-m\libg_s.a(lib_a-init.o)
 .debug_frame   0x00002198       0x28 c:/program files (x86)/cypress/psoc creator/3.1/psoc creator/import/gnu_cs/arm/4.8.4/bin/../lib/gcc/arm-none-eabi/4.8.4/../../../../arm-none-eabi/lib/armv6-m\libg_s.a(lib_a-memcpy-stub.o)
 .debug_frame   0x000021c0       0x20 c:/program files (x86)/cypress/psoc creator/3.1/psoc creator/import/gnu_cs/arm/4.8.4/bin/../lib/gcc/arm-none-eabi/4.8.4/../../../../arm-none-eabi/lib/armv6-m\libg_s.a(lib_a-memset.o)

.debug_str      0x00000000     0x1e8e
 *(.debug_str)
 .debug_str     0x00000000      0x144 .\CortexM0\ARM_GCC_484\Debug\main.o
                                0x17d (size before relaxing)
 .debug_str     0x00000144       0x61 .\CortexM0\ARM_GCC_484\Debug\cymetadata.o
                                0x1b1 (size before relaxing)
 .debug_str     0x000001a5      0x13c .\CortexM0\ARM_GCC_484\Debug\Cm0Start.o
                                0x29f (size before relaxing)
 .debug_str     0x000002e1      0x193 .\CortexM0\ARM_GCC_484\Debug\PWM_MUX.a(cyfitter_cfg.o)
                                0x339 (size before relaxing)
 .debug_str     0x00000474       0xb4 .\CortexM0\ARM_GCC_484\Debug\PWM_MUX.a(INPUT_SELECT.o)
                                0x214 (size before relaxing)
 .debug_str     0x00000528      0x71d .\CortexM0\ARM_GCC_484\Debug\PWM_MUX.a(CyLib.o)
                                0x8b8 (size before relaxing)
 .debug_str     0x00000c45       0x66 .\CortexM0\ARM_GCC_484\Debug\PWM_MUX.a(LED.o)
                                0x1de (size before relaxing)
 .debug_str     0x00000cab      0x490 .\CortexM0\ARM_GCC_484\Debug\PWM_MUX.a(Mux_timer.o)
                                0x603 (size before relaxing)
 .debug_str     0x0000113b      0x425 .\CortexM0\ARM_GCC_484\Debug\PWM_MUX.a(Default_PWM.o)
                                0x657 (size before relaxing)
 .debug_str     0x00001560      0x425 .\CortexM0\ARM_GCC_484\Debug\PWM_MUX.a(Cam_sel_PWM.o)
                                0x657 (size before relaxing)
 .debug_str     0x00001985      0x479 .\CortexM0\ARM_GCC_484\Debug\PWM_MUX.a(Cam_Sel_timer.o)
                                0x6ab (size before relaxing)
 .debug_str     0x00001dfe       0x90 .\CortexM0\ARM_GCC_484\Debug\PWM_MUX.a(Arm_select.o)
                                0x208 (size before relaxing)

.debug_loc
 *(.debug_loc)

.debug_macinfo
 *(.debug_macinfo)

.debug_ranges   0x00000000      0x860
 *(.debug_ranges)
 .debug_ranges  0x00000000       0x10 .\CortexM0\ARM_GCC_484\Debug\main.o
 .debug_ranges  0x00000010       0x38 .\CortexM0\ARM_GCC_484\Debug\Cm0Start.o
 .debug_ranges  0x00000048       0x48 .\CortexM0\ARM_GCC_484\Debug\PWM_MUX.a(cyfitter_cfg.o)
 .debug_ranges  0x00000090       0x30 .\CortexM0\ARM_GCC_484\Debug\PWM_MUX.a(INPUT_SELECT.o)
 .debug_ranges  0x000000c0      0x220 .\CortexM0\ARM_GCC_484\Debug\PWM_MUX.a(CyLib.o)
 .debug_ranges  0x000002e0       0x30 .\CortexM0\ARM_GCC_484\Debug\PWM_MUX.a(LED.o)
 .debug_ranges  0x00000310      0x148 .\CortexM0\ARM_GCC_484\Debug\PWM_MUX.a(Mux_timer.o)
 .debug_ranges  0x00000458      0x148 .\CortexM0\ARM_GCC_484\Debug\PWM_MUX.a(Default_PWM.o)
 .debug_ranges  0x000005a0      0x148 .\CortexM0\ARM_GCC_484\Debug\PWM_MUX.a(Cam_sel_PWM.o)
 .debug_ranges  0x000006e8      0x148 .\CortexM0\ARM_GCC_484\Debug\PWM_MUX.a(Cam_Sel_timer.o)
 .debug_ranges  0x00000830       0x30 .\CortexM0\ARM_GCC_484\Debug\PWM_MUX.a(Arm_select.o)

.comment        0x00000000       0x70
 .comment       0x00000000       0x70 .\CortexM0\ARM_GCC_484\Debug\main.o
                                 0x71 (size before relaxing)
 .comment       0x00000000       0x71 .\CortexM0\ARM_GCC_484\Debug\cymetadata.o
 .comment       0x00000000       0x71 .\CortexM0\ARM_GCC_484\Debug\Cm0Start.o
 .comment       0x00000000       0x71 .\CortexM0\ARM_GCC_484\Debug\PWM_MUX.a(cyfitter_cfg.o)
 .comment       0x00000000       0x71 .\CortexM0\ARM_GCC_484\Debug\PWM_MUX.a(INPUT_SELECT.o)
 .comment       0x00000000       0x71 .\CortexM0\ARM_GCC_484\Debug\PWM_MUX.a(CyLib.o)
 .comment       0x00000000       0x71 .\CortexM0\ARM_GCC_484\Debug\PWM_MUX.a(LED.o)
 .comment       0x00000000       0x71 .\CortexM0\ARM_GCC_484\Debug\PWM_MUX.a(Mux_timer.o)
 .comment       0x00000000       0x71 .\CortexM0\ARM_GCC_484\Debug\PWM_MUX.a(Default_PWM.o)
 .comment       0x00000000       0x71 .\CortexM0\ARM_GCC_484\Debug\PWM_MUX.a(Cam_sel_PWM.o)
 .comment       0x00000000       0x71 .\CortexM0\ARM_GCC_484\Debug\PWM_MUX.a(Cam_Sel_timer.o)
 .comment       0x00000000       0x71 .\CortexM0\ARM_GCC_484\Debug\PWM_MUX.a(Arm_select.o)

.debug_weaknames
 *(.debug_weaknames)

.debug_funcnames
 *(.debug_funcnames)

.debug_typenames
 *(.debug_typenames)

.debug_varnames
 *(.debug_varnames)

.note.gnu.arm.ident
 *(.note.gnu.arm.ident)

.ARM.attributes
                0x00000000       0x28
 *(.ARM.attributes)
 .ARM.attributes
                0x00000000       0x1e c:/program files (x86)/cypress/psoc creator/3.1/psoc creator/import/gnu_cs/arm/4.8.4/bin/../lib/gcc/arm-none-eabi/4.8.4/armv6-m/crti.o
 .ARM.attributes
                0x0000001e       0x2c c:/program files (x86)/cypress/psoc creator/3.1/psoc creator/import/gnu_cs/arm/4.8.4/bin/../lib/gcc/arm-none-eabi/4.8.4/armv6-m/crtbegin.o
 .ARM.attributes
                0x0000004a       0x1b c:/program files (x86)/cypress/psoc creator/3.1/psoc creator/import/gnu_cs/arm/4.8.4/bin/../lib/gcc/arm-none-eabi/4.8.4/../../../../arm-none-eabi/lib/armv6-m/crt0.o
 .ARM.attributes
                0x00000065       0x31 .\CortexM0\ARM_GCC_484\Debug\main.o
 .ARM.attributes
                0x00000096       0x31 .\CortexM0\ARM_GCC_484\Debug\cymetadata.o
 .ARM.attributes
                0x000000c7       0x31 .\CortexM0\ARM_GCC_484\Debug\Cm0Start.o
 .ARM.attributes
                0x000000f8       0x31 .\CortexM0\ARM_GCC_484\Debug\PWM_MUX.a(cyfitter_cfg.o)
 .ARM.attributes
                0x00000129       0x31 .\CortexM0\ARM_GCC_484\Debug\PWM_MUX.a(INPUT_SELECT.o)
 .ARM.attributes
                0x0000015a       0x21 .\CortexM0\ARM_GCC_484\Debug\PWM_MUX.a(CyBootAsmGnu.o)
 .ARM.attributes
                0x0000017b       0x31 .\CortexM0\ARM_GCC_484\Debug\PWM_MUX.a(CyLib.o)
 .ARM.attributes
                0x000001ac       0x31 .\CortexM0\ARM_GCC_484\Debug\PWM_MUX.a(LED.o)
 .ARM.attributes
                0x000001dd       0x31 .\CortexM0\ARM_GCC_484\Debug\PWM_MUX.a(Mux_timer.o)
 .ARM.attributes
                0x0000020e       0x31 .\CortexM0\ARM_GCC_484\Debug\PWM_MUX.a(Default_PWM.o)
 .ARM.attributes
                0x0000023f       0x31 .\CortexM0\ARM_GCC_484\Debug\PWM_MUX.a(Cam_sel_PWM.o)
 .ARM.attributes
                0x00000270       0x31 .\CortexM0\ARM_GCC_484\Debug\PWM_MUX.a(Cam_Sel_timer.o)
 .ARM.attributes
                0x000002a1       0x31 .\CortexM0\ARM_GCC_484\Debug\PWM_MUX.a(Arm_select.o)
 .ARM.attributes
                0x000002d2       0x1e c:/program files (x86)/cypress/psoc creator/3.1/psoc creator/import/gnu_cs/arm/4.8.4/bin/../lib/gcc/arm-none-eabi/4.8.4/armv6-m\libgcc.a(_udivsi3.o)
 .ARM.attributes
                0x000002f0       0x1e c:/program files (x86)/cypress/psoc creator/3.1/psoc creator/import/gnu_cs/arm/4.8.4/bin/../lib/gcc/arm-none-eabi/4.8.4/armv6-m\libgcc.a(_divsi3.o)
 .ARM.attributes
                0x0000030e       0x1e c:/program files (x86)/cypress/psoc creator/3.1/psoc creator/import/gnu_cs/arm/4.8.4/bin/../lib/gcc/arm-none-eabi/4.8.4/armv6-m\libgcc.a(_dvmd_tls.o)
 .ARM.attributes
                0x0000032c       0x2c c:/program files (x86)/cypress/psoc creator/3.1/psoc creator/import/gnu_cs/arm/4.8.4/bin/../lib/gcc/arm-none-eabi/4.8.4/../../../../arm-none-eabi/lib/armv6-m\libg_s.a(lib_a-errno.o)
 .ARM.attributes
                0x00000358       0x2c c:/program files (x86)/cypress/psoc creator/3.1/psoc creator/import/gnu_cs/arm/4.8.4/bin/../lib/gcc/arm-none-eabi/4.8.4/../../../../arm-none-eabi/lib/armv6-m\libg_s.a(lib_a-exit.o)
 .ARM.attributes
                0x00000384       0x2c c:/program files (x86)/cypress/psoc creator/3.1/psoc creator/import/gnu_cs/arm/4.8.4/bin/../lib/gcc/arm-none-eabi/4.8.4/../../../../arm-none-eabi/lib/armv6-m\libg_s.a(lib_a-impure.o)
 .ARM.attributes
                0x000003b0       0x2c c:/program files (x86)/cypress/psoc creator/3.1/psoc creator/import/gnu_cs/arm/4.8.4/bin/../lib/gcc/arm-none-eabi/4.8.4/../../../../arm-none-eabi/lib/armv6-m\libg_s.a(lib_a-init.o)
 .ARM.attributes
                0x000003dc       0x2c c:/program files (x86)/cypress/psoc creator/3.1/psoc creator/import/gnu_cs/arm/4.8.4/bin/../lib/gcc/arm-none-eabi/4.8.4/../../../../arm-none-eabi/lib/armv6-m\libg_s.a(lib_a-memcpy-stub.o)
 .ARM.attributes
                0x00000408       0x2c c:/program files (x86)/cypress/psoc creator/3.1/psoc creator/import/gnu_cs/arm/4.8.4/bin/../lib/gcc/arm-none-eabi/4.8.4/../../../../arm-none-eabi/lib/armv6-m\libg_s.a(lib_a-memset.o)
 .ARM.attributes
                0x00000434       0x2c c:/program files (x86)/cypress/psoc creator/3.1/psoc creator/import/gnu_cs/arm/4.8.4/bin/../lib/gcc/arm-none-eabi/4.8.4/armv6-m/crtend.o
 .ARM.attributes
                0x00000460       0x1e c:/program files (x86)/cypress/psoc creator/3.1/psoc creator/import/gnu_cs/arm/4.8.4/bin/../lib/gcc/arm-none-eabi/4.8.4/armv6-m/crtn.o

/DISCARD/
 *(.note.GNU-stack)
OUTPUT(.\CortexM0\ARM_GCC_484\Debug\PWM_MUX.elf elf32-littlearm)
